bmp3.c:738:8:bmp3_init	24	static
bmp3.c:798:8:bmp3_get_regs	56	dynamic
bmp3.c:848:8:bmp3_set_regs	48	dynamic
bmp3.c:913:8:bmp3_set_sensor_settings	32	static
bmp3.c:957:8:bmp3_get_sensor_settings	24	static
bmp3.c:986:8:bmp3_set_fifo_settings	32	static
bmp3.c:1030:8:bmp3_get_fifo_settings	24	static
bmp3.c:1055:8:bmp3_get_fifo_data	32	static
bmp3.c:1096:8:bmp3_set_fifo_watermark	40	static
bmp3.c:1128:8:bmp3_get_fifo_watermark	24	static
bmp3.c:1154:8:bmp3_extract_fifo_data	64	static
bmp3.c:1208:8:bmp3_get_status	24	static
bmp3.c:1240:8:bmp3_get_fifo_length	24	static
bmp3.c:1267:8:bmp3_soft_reset	24	static
bmp3.c:1311:8:bmp3_fifo_flush	24	static
bmp3.c:1354:8:bmp3_set_op_mode	24	static
bmp3.c:1407:8:bmp3_get_op_mode	24	static
bmp3.c:1432:8:bmp3_get_sensor_data	48	static
bmp3.c:1470:15:convert_frames_to_bytes	32	static
bmp3.c:1508:13:reset_fifo_index	24	static
bmp3.c:1536:16:parse_fifo_data_frame	32	static
bmp3.c:1588:13:unpack_temp_press_frame	24	static
bmp3.c:1600:13:unpack_temp_frame	24	static
bmp3.c:1610:13:unpack_press_frame	24	static
bmp3.c:1620:13:unpack_time_frame	40	static
bmp3.c:1635:13:parse_fifo_sensor_data	40	static
bmp3.c:1675:13:get_header_info	24	static
bmp3.c:1684:15:set_normal_mode	24	static
bmp3.c:1720:15:write_power_mode	24	static
bmp3.c:1747:15:put_device_to_sleep	24	static
bmp3.c:1772:15:validate_normal_mode_settings	24	static
bmp3.c:1790:15:get_calib_data	40	static
bmp3.c:1811:13:interleave_reg_addr	32	static
bmp3.c:1827:13:parse_sett_data	16	static
bmp3.c:1846:13:parse_int_ctrl_settings	16	static
bmp3.c:1853:13:parse_advance_settings	16	static
bmp3.c:1863:14:parse_pwr_ctrl_settings	16	static
bmp3.c:1874:14:parse_odr_filter_settings	24	static
bmp3.c:1895:15:set_pwr_ctrl_settings	32	static
bmp3.c:1932:15:set_odr_filter_settings	48	static
bmp3.c:1991:15:set_int_ctrl_settings	32	static
bmp3.c:2041:15:set_advance_settings	32	static
bmp3.c:2076:15:get_odr_filter_settings	24	static
bmp3.c:2094:15:validate_osr_and_odr_settings	104	static
bmp3.c:2134:15:verify_meas_time_and_odr_duration	24	static
bmp3.c:2157:17:calculate_press_meas_time	40	static
bmp3.c:2180:17:calculate_temp_meas_time	40	static
bmp3.c:2203:13:fill_osr_data	32	static
bmp3.c:2239:13:fill_odr_data	32	static
bmp3.c:2261:13:fill_filter_data	32	static
bmp3.c:2277:13:parse_sensor_data	32	static
bmp3.c:2301:15:compensate_data	32	static
bmp3.c:2375:13:parse_calib_data	32	static
bmp3.c:2437:15:compensate_temperature	56	static
bmp3.c:2477:15:compensate_pressure	104	static
bmp3.c:2531:14:pow_bmp3	32	static
bmp3.c:2706:16:are_settings_changed	24	static
bmp3.c:2728:15:null_ptr_check	24	static
bmp3.c:2753:13:parse_fifo_settings	24	static
bmp3.c:2780:15:fill_fifo_config_1	32	static
bmp3.c:2831:15:fill_fifo_config_2	32	static
bmp3.c:2867:15:fill_fifo_int_ctrl	32	static
bmp3.c:2902:15:get_sensor_status	24	static
bmp3.c:2928:15:get_int_status	24	static
bmp3.c:2949:15:get_err_status	24	static
