Archive member included to satisfy reference by file (symbol)

c:/st/stm32cubeide_1.8.0/stm32cubeide/plugins/com.st.stm32cube.ide.mcu.externaltools.gnu-tools-for-stm32.9-2020-q2-update.win32_2.0.0.202105311346/tools/bin/../lib/gcc/arm-none-eabi/9.3.1/../../../../arm-none-eabi/lib/thumb/v7e-m+fp/hard\libc_nano.a(lib_a-errno.o)
                              ./Core/Src/syscalls.o (__errno)
c:/st/stm32cubeide_1.8.0/stm32cubeide/plugins/com.st.stm32cube.ide.mcu.externaltools.gnu-tools-for-stm32.9-2020-q2-update.win32_2.0.0.202105311346/tools/bin/../lib/gcc/arm-none-eabi/9.3.1/../../../../arm-none-eabi/lib/thumb/v7e-m+fp/hard\libc_nano.a(lib_a-exit.o)
                              c:/st/stm32cubeide_1.8.0/stm32cubeide/plugins/com.st.stm32cube.ide.mcu.externaltools.gnu-tools-for-stm32.9-2020-q2-update.win32_2.0.0.202105311346/tools/bin/../lib/gcc/arm-none-eabi/9.3.1/../../../../arm-none-eabi/lib/thumb/v7e-m+fp/hard/crt0.o (exit)
c:/st/stm32cubeide_1.8.0/stm32cubeide/plugins/com.st.stm32cube.ide.mcu.externaltools.gnu-tools-for-stm32.9-2020-q2-update.win32_2.0.0.202105311346/tools/bin/../lib/gcc/arm-none-eabi/9.3.1/../../../../arm-none-eabi/lib/thumb/v7e-m+fp/hard\libc_nano.a(lib_a-findfp.o)
                              ./Middlewares/Third_Party/FreeRTOS/Source/tasks.o (__sf_fake_stderr)
c:/st/stm32cubeide_1.8.0/stm32cubeide/plugins/com.st.stm32cube.ide.mcu.externaltools.gnu-tools-for-stm32.9-2020-q2-update.win32_2.0.0.202105311346/tools/bin/../lib/gcc/arm-none-eabi/9.3.1/../../../../arm-none-eabi/lib/thumb/v7e-m+fp/hard\libc_nano.a(lib_a-fwalk.o)
                              c:/st/stm32cubeide_1.8.0/stm32cubeide/plugins/com.st.stm32cube.ide.mcu.externaltools.gnu-tools-for-stm32.9-2020-q2-update.win32_2.0.0.202105311346/tools/bin/../lib/gcc/arm-none-eabi/9.3.1/../../../../arm-none-eabi/lib/thumb/v7e-m+fp/hard\libc_nano.a(lib_a-findfp.o) (_fwalk)
c:/st/stm32cubeide_1.8.0/stm32cubeide/plugins/com.st.stm32cube.ide.mcu.externaltools.gnu-tools-for-stm32.9-2020-q2-update.win32_2.0.0.202105311346/tools/bin/../lib/gcc/arm-none-eabi/9.3.1/../../../../arm-none-eabi/lib/thumb/v7e-m+fp/hard\libc_nano.a(lib_a-impure.o)
                              c:/st/stm32cubeide_1.8.0/stm32cubeide/plugins/com.st.stm32cube.ide.mcu.externaltools.gnu-tools-for-stm32.9-2020-q2-update.win32_2.0.0.202105311346/tools/bin/../lib/gcc/arm-none-eabi/9.3.1/../../../../arm-none-eabi/lib/thumb/v7e-m+fp/hard\libc_nano.a(lib_a-exit.o) (_global_impure_ptr)
c:/st/stm32cubeide_1.8.0/stm32cubeide/plugins/com.st.stm32cube.ide.mcu.externaltools.gnu-tools-for-stm32.9-2020-q2-update.win32_2.0.0.202105311346/tools/bin/../lib/gcc/arm-none-eabi/9.3.1/../../../../arm-none-eabi/lib/thumb/v7e-m+fp/hard\libc_nano.a(lib_a-init.o)
                              c:/st/stm32cubeide_1.8.0/stm32cubeide/plugins/com.st.stm32cube.ide.mcu.externaltools.gnu-tools-for-stm32.9-2020-q2-update.win32_2.0.0.202105311346/tools/bin/../lib/gcc/arm-none-eabi/9.3.1/../../../../arm-none-eabi/lib/thumb/v7e-m+fp/hard/crt0.o (__libc_init_array)
c:/st/stm32cubeide_1.8.0/stm32cubeide/plugins/com.st.stm32cube.ide.mcu.externaltools.gnu-tools-for-stm32.9-2020-q2-update.win32_2.0.0.202105311346/tools/bin/../lib/gcc/arm-none-eabi/9.3.1/../../../../arm-none-eabi/lib/thumb/v7e-m+fp/hard\libc_nano.a(lib_a-lock.o)
                              c:/st/stm32cubeide_1.8.0/stm32cubeide/plugins/com.st.stm32cube.ide.mcu.externaltools.gnu-tools-for-stm32.9-2020-q2-update.win32_2.0.0.202105311346/tools/bin/../lib/gcc/arm-none-eabi/9.3.1/../../../../arm-none-eabi/lib/thumb/v7e-m+fp/hard\libc_nano.a(lib_a-findfp.o) (__retarget_lock_init_recursive)
c:/st/stm32cubeide_1.8.0/stm32cubeide/plugins/com.st.stm32cube.ide.mcu.externaltools.gnu-tools-for-stm32.9-2020-q2-update.win32_2.0.0.202105311346/tools/bin/../lib/gcc/arm-none-eabi/9.3.1/../../../../arm-none-eabi/lib/thumb/v7e-m+fp/hard\libc_nano.a(lib_a-memcpy-stub.o)
                              ./Core/Src/bmp3.o (memcpy)
c:/st/stm32cubeide_1.8.0/stm32cubeide/plugins/com.st.stm32cube.ide.mcu.externaltools.gnu-tools-for-stm32.9-2020-q2-update.win32_2.0.0.202105311346/tools/bin/../lib/gcc/arm-none-eabi/9.3.1/../../../../arm-none-eabi/lib/thumb/v7e-m+fp/hard\libc_nano.a(lib_a-memset.o)
                              c:/st/stm32cubeide_1.8.0/stm32cubeide/plugins/com.st.stm32cube.ide.mcu.externaltools.gnu-tools-for-stm32.9-2020-q2-update.win32_2.0.0.202105311346/tools/bin/../lib/gcc/arm-none-eabi/9.3.1/../../../../arm-none-eabi/lib/thumb/v7e-m+fp/hard/crt0.o (memset)
c:/st/stm32cubeide_1.8.0/stm32cubeide/plugins/com.st.stm32cube.ide.mcu.externaltools.gnu-tools-for-stm32.9-2020-q2-update.win32_2.0.0.202105311346/tools/bin/../lib/gcc/arm-none-eabi/9.3.1/../../../../arm-none-eabi/lib/thumb/v7e-m+fp/hard\libc_nano.a(lib_a-nano-mallocr.o)
[...]
Memory Configuration

Name             Origin             Length             Attributes
RAM              0x0000000020000000 0x0000000000008000 xrw
FLASH            0x0000000008000000 0x0000000000020000 xr
*default*        0x0000000000000000 0xffffffffffffffff

Linker script and memory map

LOAD c:/st/stm32cubeide_1.8.0/stm32cubeide/plugins/com.st.stm32cube.ide.mcu.externaltools.gnu-tools-for-stm32.9-2020-q2-update.win32_2.0.0.202105311346/tools/bin/../lib/gcc/arm-none-eabi/9.3.1/thumb/v7e-m+fp/hard/crti.o
LOAD c:/st/stm32cubeide_1.8.0/stm32cubeide/plugins/com.st.stm32cube.ide.mcu.externaltools.gnu-tools-for-stm32.9-2020-q2-update.win32_2.0.0.202105311346/tools/bin/../lib/gcc/arm-none-eabi/9.3.1/thumb/v7e-m+fp/hard/crtbegin.o
LOAD c:/st/stm32cubeide_1.8.0/stm32cubeide/plugins/com.st.stm32cube.ide.mcu.externaltools.gnu-tools-for-stm32.9-2020-q2-update.win32_2.0.0.202105311346/tools/bin/../lib/gcc/arm-none-eabi/9.3.1/../../../../arm-none-eabi/lib/thumb/v7e-m+fp/hard/crt0.o
LOAD ./Core/Src/GNSS.o
LOAD ./Core/Src/app_freertos.o
LOAD ./Core/Src/bmp3.o
LOAD ./Core/Src/bmp388.o
LOAD ./Core/Src/common_porting.o
LOAD ./Core/Src/dma.o
LOAD ./Core/Src/gpio.o
LOAD ./Core/Src/i2c.o
LOAD ./Core/Src/main.o
LOAD ./Core/Src/mpu9255.o
LOAD ./Core/Src/stm32g4xx_hal_msp.o
LOAD ./Core/Src/stm32g4xx_hal_timebase_tim.o
LOAD ./Core/Src/stm32g4xx_it.o
LOAD ./Core/Src/syscalls.o
LOAD ./Core/Src/sysmem.o
LOAD ./Core/Src/system_stm32g4xx.o
LOAD ./Core/Src/usart.o
LOAD ./Core/Startup/startup_stm32g431rbtx.o
LOAD ./Drivers/STM32G4xx_HAL_Driver/Src/stm32g4xx_hal.o
LOAD ./Drivers/STM32G4xx_HAL_Driver/Src/stm32g4xx_hal_cortex.o
LOAD ./Drivers/STM32G4xx_HAL_Driver/Src/stm32g4xx_hal_dma.o
LOAD ./Drivers/STM32G4xx_HAL_Driver/Src/stm32g4xx_hal_dma_ex.o
LOAD ./Drivers/STM32G4xx_HAL_Driver/Src/stm32g4xx_hal_exti.o
LOAD ./Drivers/STM32G4xx_HAL_Driver/Src/stm32g4xx_hal_flash.o
LOAD ./Drivers/STM32G4xx_HAL_Driver/Src/stm32g4xx_hal_flash_ex.o
LOAD ./Drivers/STM32G4xx_HAL_Driver/Src/stm32g4xx_hal_flash_ramfunc.o
LOAD ./Drivers/STM32G4xx_HAL_Driver/Src/stm32g4xx_hal_gpio.o
LOAD ./Drivers/STM32G4xx_HAL_Driver/Src/stm32g4xx_hal_i2c.o
LOAD ./Drivers/STM32G4xx_HAL_Driver/Src/stm32g4xx_hal_i2c_ex.o
LOAD ./Drivers/STM32G4xx_HAL_Driver/Src/stm32g4xx_hal_pwr.o
LOAD ./Drivers/STM32G4xx_HAL_Driver/Src/stm32g4xx_hal_pwr_ex.o
LOAD ./Drivers/STM32G4xx_HAL_Driver/Src/stm32g4xx_hal_rcc.o
LOAD ./Drivers/STM32G4xx_HAL_Driver/Src/stm32g4xx_hal_rcc_ex.o
LOAD ./Drivers/STM32G4xx_HAL_Driver/Src/stm32g4xx_hal_tim.o
LOAD ./Drivers/STM32G4xx_HAL_Driver/Src/stm32g4xx_hal_tim_ex.o
LOAD ./Drivers/STM32G4xx_HAL_Driver/Src/stm32g4xx_hal_uart.o
LOAD ./Drivers/STM32G4xx_HAL_Driver/Src/stm32g4xx_hal_uart_ex.o
LOAD ./Middlewares/Third_Party/FreeRTOS/Source/CMSIS_RTOS_V2/cmsis_os2.o
LOAD ./Middlewares/Third_Party/FreeRTOS/Source/croutine.o
LOAD ./Middlewares/Third_Party/FreeRTOS/Source/event_groups.o
LOAD ./Middlewares/Third_Party/FreeRTOS/Source/list.o
LOAD ./Middlewares/Third_Party/FreeRTOS/Source/queue.o
LOAD ./Middlewares/Third_Party/FreeRTOS/Source/stream_buffer.o
LOAD ./Middlewares/Third_Party/FreeRTOS/Source/tasks.o
LOAD ./Middlewares/Third_Party/FreeRTOS/Source/timers.o
LOAD ./Middlewares/Third_Party/FreeRTOS/Source/portable/GCC/ARM_CM4F/port.o
LOAD ./Middlewares/Third_Party/FreeRTOS/Source/portable/MemMang/heap_4.o
START GROUP
LOAD c:/st/stm32cubeide_1.8.0/stm32cubeide/plugins/com.st.stm32cube.ide.mcu.externaltools.gnu-tools-for-stm32.9-2020-q2-update.win32_2.0.0.202105311346/tools/bin/../lib/gcc/arm-none-eabi/9.3.1/../../../../arm-none-eabi/lib/thumb/v7e-m+fp/hard\libc_nano.a
LOAD c:/st/stm32cubeide_1.8.0/stm32cubeide/plugins/com.st.stm32cube.ide.mcu.externaltools.gnu-tools-for-stm32.9-2020-q2-update.win32_2.0.0.202105311346/tools/bin/../lib/gcc/arm-none-eabi/9.3.1/../../../../arm-none-eabi/lib/thumb/v7e-m+fp/hard\libm.a
END GROUP
START GROUP
LOAD c:/st/stm32cubeide_1.8.0/stm32cubeide/plugins/com.st.stm32cube.ide.mcu.externaltools.gnu-tools-for-stm32.9-2020-q2-update.win32_2.0.0.202105311346/tools/bin/../lib/gcc/arm-none-eabi/9.3.1/thumb/v7e-m+fp/hard\libgcc.a
LOAD c:/st/stm32cubeide_1.8.0/stm32cubeide/plugins/com.st.stm32cube.ide.mcu.externaltools.gnu-tools-for-stm32.9-2020-q2-update.win32_2.0.0.202105311346/tools/bin/../lib/gcc/arm-none-eabi/9.3.1/../../../../arm-none-eabi/lib/thumb/v7e-m+fp/hard\libc_nano.a
END GROUP
START GROUP
LOAD c:/st/stm32cubeide_1.8.0/stm32cubeide/plugins/com.st.stm32cube.ide.mcu.externaltools.gnu-tools-for-stm32.9-2020-q2-update.win32_2.0.0.202105311346/tools/bin/../lib/gcc/arm-none-eabi/9.3.1/thumb/v7e-m+fp/hard\libgcc.a
LOAD c:/st/stm32cubeide_1.8.0/stm32cubeide/plugins/com.st.stm32cube.ide.mcu.externaltools.gnu-tools-for-stm32.9-2020-q2-update.win32_2.0.0.202105311346/tools/bin/../lib/gcc/arm-none-eabi/9.3.1/../../../../arm-none-eabi/lib/thumb/v7e-m+fp/hard\libc_nano.a
LOAD c:/st/stm32cubeide_1.8.0/stm32cubeide/plugins/com.st.stm32cube.ide.mcu.externaltools.gnu-tools-for-stm32.9-2020-q2-update.win32_2.0.0.202105311346/tools/bin/../lib/gcc/arm-none-eabi/9.3.1/../../../../arm-none-eabi/lib/thumb/v7e-m+fp/hard\libnosys.a
END GROUP
START GROUP
LOAD c:/st/stm32cubeide_1.8.0/stm32cubeide/plugins/com.st.stm32cube.ide.mcu.externaltools.gnu-tools-for-stm32.9-2020-q2-update.win32_2.0.0.202105311346/tools/bin/../lib/gcc/arm-none-eabi/9.3.1/thumb/v7e-m+fp/hard\libgcc.a
LOAD c:/st/stm32cubeide_1.8.0/stm32cubeide/plugins/com.st.stm32cube.ide.mcu.externaltools.gnu-tools-for-stm32.9-2020-q2-update.win32_2.0.0.202105311346/tools/bin/../lib/gcc/arm-none-eabi/9.3.1/../../../../arm-none-eabi/lib/thumb/v7e-m+fp/hard\libc_nano.a
LOAD c:/st/stm32cubeide_1.8.0/stm32cubeide/plugins/com.st.stm32cube.ide.mcu.externaltools.gnu-tools-for-stm32.9-2020-q2-update.win32_2.0.0.202105311346/tools/bin/../lib/gcc/arm-none-eabi/9.3.1/../../../../arm-none-eabi/lib/thumb/v7e-m+fp/hard\libnosys.a
END GROUP
LOAD c:/st/stm32cubeide_1.8.0/stm32cubeide/plugins/com.st.stm32cube.ide.mcu.externaltools.gnu-tools-for-stm32.9-2020-q2-update.win32_2.0.0.202105311346/tools/bin/../lib/gcc/arm-none-eabi/9.3.1/thumb/v7e-m+fp/hard/crtend.o
LOAD c:/st/stm32cubeide_1.8.0/stm32cubeide/plugins/com.st.stm32cube.ide.mcu.externaltools.gnu-tools-for-stm32.9-2020-q2-update.win32_2.0.0.202105311346/tools/bin/../lib/gcc/arm-none-eabi/9.3.1/thumb/v7e-m+fp/hard/crtn.o
                0x0000000020008000                _estack = (ORIGIN (RAM) + LENGTH (RAM))
                0x0000000000000200                _Min_Heap_Size = 0x200
                0x0000000000000400                _Min_Stack_Size = 0x400

.isr_vector     0x0000000008000000      0x1d8
                0x0000000008000000                . = ALIGN (0x4)
 *(.isr_vector)
 .isr_vector    0x0000000008000000      0x1d8 ./Core/Startup/startup_stm32g431rbtx.o
                0x0000000008000000                g_pfnVectors
                0x00000000080001d8                . = ALIGN (0x4)

.text           0x00000000080001e0    0x1519c
                0x00000000080001e0                . = ALIGN (0x4)
 *(.text)
 .text          0x00000000080001e0       0x40 c:/st/stm32cubeide_1.8.0/stm32cubeide/plugins/com.st.stm32cube.ide.mcu.externaltools.gnu-tools-for-stm32.9-2020-q2-update.win32_2.0.0.202105311346/tools/bin/../lib/gcc/arm-none-eabi/9.3.1/thumb/v7e-m+fp/hard/crtbegin.o
 .text          0x0000000008000220       0x10 c:/st/stm32cubeide_1.8.0/stm32cubeide/plugins/com.st.stm32cube.ide.mcu.externaltools.gnu-tools-for-stm32.9-2020-q2-update.win32_2.0.0.202105311346/tools/bin/../lib/gcc/arm-none-eabi/9.3.1/../../../../arm-none-eabi/lib/thumb/v7e-m+fp/hard\libc_nano.a(lib_a-strlen.o)
                0x0000000008000220                strlen
 .text          0x0000000008000230       0xa0 c:/st/stm32cubeide_1.8.0/stm32cubeide/plugins/com.st.stm32cube.ide.mcu.externaltools.gnu-tools-for-stm32.9-2020-q2-update.win32_2.0.0.202105311346/tools/bin/../lib/gcc/arm-none-eabi/9.3.1/../../../../arm-none-eabi/lib/thumb/v7e-m+fp/hard\libc_nano.a(lib_a-memchr.o)
                0x0000000008000230                memchr
 .text          0x00000000080002d0      0x378 c:/st/stm32cubeide_1.8.0/stm32cubeide/plugins/com.st.stm32cube.ide.mcu.externaltools.gnu-tools-for-stm32.9-2020-q2-update.win32_2.0.0.202105311346/tools/bin/../lib/gcc/arm-none-eabi/9.3.1/thumb/v7e-m+fp/hard\libgcc.a(_arm_addsubdf3.o)
                0x00000000080002d0                __aeabi_drsub
                0x00000000080002d8                __aeabi_dsub
                0x00000000080002d8                __subdf3
                0x00000000080002dc                __aeabi_dadd
                0x00000000080002dc                __adddf3
                0x0000000008000554                __floatunsidf
                0x0000000008000554                __aeabi_ui2d
                0x0000000008000574                __floatsidf
                0x0000000008000574                __aeabi_i2d
                0x0000000008000598                __aeabi_f2d
                0x0000000008000598                __extendsfdf2
                0x00000000080005dc                __floatundidf
                0x00000000080005dc                __aeabi_ul2d
                0x00000000080005ec                __floatdidf
                0x00000000080005ec                __aeabi_l2d
 .text          0x0000000008000648      0x424 c:/st/stm32cubeide_1.8.0/stm32cubeide/plugins/com.st.stm32cube.ide.mcu.externaltools.gnu-tools-for-stm32.9-2020-q2-update.win32_2.0.0.202105311346/tools/bin/../lib/gcc/arm-none-eabi/9.3.1/thumb/v7e-m+fp/hard\libgcc.a(_arm_muldivdf3.o)
                0x0000000008000648                __aeabi_dmul
                0x0000000008000648                __muldf3
                0x000000000800089c                __divdf3
                0x000000000800089c                __aeabi_ddiv
 .text          0x0000000008000a6c      0x110 c:/st/stm32cubeide_1.8.0/stm32cubeide/plugins/com.st.stm32cube.ide.mcu.externaltools.gnu-tools-for-stm32.9-2020-q2-update.win32_2.0.0.202105311346/tools/bin/../lib/gcc/arm-none-eabi/9.3.1/thumb/v7e-m+fp/hard\libgcc.a(_arm_cmpdf2.o)
                0x0000000008000a6c                __gtdf2
                0x0000000008000a6c                __gedf2
                0x0000000008000a74                __ltdf2
                0x0000000008000a74                __ledf2
                0x0000000008000a7c                __nedf2
                0x0000000008000a7c                __eqdf2
                0x0000000008000a7c                __cmpdf2
                0x0000000008000af8                __aeabi_cdrcmple
                0x0000000008000b08                __aeabi_cdcmpeq
                0x0000000008000b08                __aeabi_cdcmple
                0x0000000008000b18                __aeabi_dcmpeq
                0x0000000008000b2c                __aeabi_dcmplt
                0x0000000008000b40                __aeabi_dcmple
                0x0000000008000b54                __aeabi_dcmpge
                0x0000000008000b68                __aeabi_dcmpgt
 .text          0x0000000008000b7c       0x2c c:/st/stm32cubeide_1.8.0/stm32cubeide/plugins/com.st.stm32cube.ide.mcu.externaltools.gnu-tools-for-stm32.9-2020-q2-update.win32_2.0.0.202105311346/tools/bin/../lib/gcc/arm-none-eabi/9.3.1/thumb/v7e-m+fp/hard\libgcc.a(_arm_unorddf2.o)
                0x0000000008000b7c                __unorddf2
                0x0000000008000b7c                __aeabi_dcmpun
 .text          0x0000000008000ba8       0x50 c:/st/stm32cubeide_1.8.0/stm32cubeide/plugins/com.st.stm32cube.ide.mcu.externaltools.gnu-tools-for-stm32.9-2020-q2-update.win32_2.0.0.202105311346/tools/bin/../lib/gcc/arm-none-eabi/9.3.1/thumb/v7e-m+fp/hard\libgcc.a(_arm_fixdfsi.o)
                0x0000000008000ba8                __aeabi_d2iz
                0x0000000008000ba8                __fixdfsi
 .text          0x0000000008000bf8       0x40 c:/st/stm32cubeide_1.8.0/stm32cubeide/plugins/com.st.stm32cube.ide.mcu.externaltools.gnu-tools-for-stm32.9-2020-q2-update.win32_2.0.0.202105311346/tools/bin/../lib/gcc/arm-none-eabi/9.3.1/thumb/v7e-m+fp/hard\libgcc.a(_arm_fixunsdfsi.o)
                0x0000000008000bf8                __aeabi_d2uiz
                0x0000000008000bf8                __fixunsdfsi
 .text          0x0000000008000c38       0xa0 c:/st/stm32cubeide_1.8.0/stm32cubeide/plugins/com.st.stm32cube.ide.mcu.externaltools.gnu-tools-for-stm32.9-2020-q2-update.win32_2.0.0.202105311346/tools/bin/../lib/gcc/arm-none-eabi/9.3.1/thumb/v7e-m+fp/hard\libgcc.a(_arm_truncdfsf2.o)
                0x0000000008000c38                __truncdfsf2
                0x0000000008000c38                __aeabi_d2f
 .text          0x0000000008000cd8       0x30 c:/st/stm32cubeide_1.8.0/stm32cubeide/plugins/com.st.stm32cube.ide.mcu.externaltools.gnu-tools-for-stm32.9-2020-q2-update.win32_2.0.0.202105311346/tools/bin/../lib/gcc/arm-none-eabi/9.3.1/thumb/v7e-m+fp/hard\libgcc.a(_aeabi_uldivmod.o)
                0x0000000008000cd8                __aeabi_uldivmod
 .text          0x0000000008000d08       0x30 c:/st/stm32cubeide_1.8.0/stm32cubeide/plugins/com.st.stm32cube.ide.mcu.externaltools.gnu-tools-for-stm32.9-2020-q2-update.win32_2.0.0.202105311346/tools/bin/../lib/gcc/arm-none-eabi/9.3.1/thumb/v7e-m+fp/hard\libgcc.a(_fixdfdi.o)
                0x0000000008000d08                __fixdfdi
                0x0000000008000d08                __aeabi_d2lz
 .text          0x0000000008000d38       0x3c c:/st/stm32cubeide_1.8.0/stm32cubeide/plugins/com.st.stm32cube.ide.mcu.externaltools.gnu-tools-for-stm32.9-2020-q2-update.win32_2.0.0.202105311346/tools/bin/../lib/gcc/arm-none-eabi/9.3.1/thumb/v7e-m+fp/hard\libgcc.a(_fixunsdfdi.o)
                0x0000000008000d38                __fixunsdfdi
                0x0000000008000d38                __aeabi_d2ulz
 .text          0x0000000008000d74      0x2c4 c:/st/stm32cubeide_1.8.0/stm32cubeide/plugins/com.st.stm32cube.ide.mcu.externaltools.gnu-tools-for-stm32.9-2020-q2-update.win32_2.0.0.202105311346/tools/bin/../lib/gcc/arm-none-eabi/9.3.1/thumb/v7e-m+fp/hard\libgcc.a(_udivmoddi4.o)
                0x0000000008000d74                __udivmoddi4
 .text          0x0000000008001038        0x4 c:/st/stm32cubeide_1.8.0/stm32cubeide/plugins/com.st.stm32cube.ide.mcu.externaltools.gnu-tools-for-stm32.9-2020-q2-update.win32_2.0.0.202105311346/tools/bin/../lib/gcc/arm-none-eabi/9.3.1/thumb/v7e-m+fp/hard\libgcc.a(_dvmd_tls.o)
                0x0000000008001038                __aeabi_idiv0
                0x0000000008001038                __aeabi_ldiv0
 *(.text*)
 .text.GNSS_Init
                0x000000000800103c       0xa2 ./Core/Src/GNSS.o
                0x000000000800103c                GNSS_Init
 .text.GNSS_ParseBuffer
                0x00000000080010de       0xf2 ./Core/Src/GNSS.o
                0x00000000080010de                GNSS_ParseBuffer
 .text.GNSS_GetUniqID
                0x00000000080011d0       0x34 ./Core/Src/GNSS.o
                0x00000000080011d0                GNSS_GetUniqID
 .text.GNSS_GetPVTData
                0x0000000008001204       0x34 ./Core/Src/GNSS.o
                0x0000000008001204                GNSS_GetPVTData
 .text.GNSS_ParseUniqID
                0x0000000008001238       0x44 ./Core/Src/GNSS.o
                0x0000000008001238                GNSS_ParseUniqID
 .text.GNSS_SetMode
                0x000000000800127c      0x128 ./Core/Src/GNSS.o
                0x000000000800127c                GNSS_SetMode
 *fill*         0x00000000080013a4        0x4 
 .text.GNSS_ParsePVTData
                0x00000000080013a8      0x2d8 ./Core/Src/GNSS.o
                0x00000000080013a8                GNSS_ParsePVTData
 .text.GNSS_ParseNavigatorData
                0x0000000008001680       0x6c ./Core/Src/GNSS.o
                0x0000000008001680                GNSS_ParseNavigatorData
 .text.GNSS_ParseNAVSATData
                0x00000000080016ec       0x24 ./Core/Src/GNSS.o
                0x00000000080016ec                GNSS_ParseNAVSATData
 .text.GNSS_ParsePOSLLHData
                0x0000000008001710      0x178 ./Core/Src/GNSS.o
                0x0000000008001710                GNSS_ParsePOSLLHData
 .text.GNSS_LoadConfig
                0x0000000008001888       0x58 ./Core/Src/GNSS.o
                0x0000000008001888                GNSS_LoadConfig
 .text.MX_FREERTOS_Init
                0x00000000080018e0       0x78 ./Core/Src/app_freertos.o
                0x00000000080018e0                MX_FREERTOS_Init
 .text.StartAHRS_UpdateTask
                0x0000000008001958      0x1b8 ./Core/Src/app_freertos.o
                0x0000000008001958                StartAHRS_UpdateTask
 .text.StartBMP388Task
                0x0000000008001b10       0x1c ./Core/Src/app_freertos.o
                0x0000000008001b10                StartBMP388Task
 .text.StartGNSSTask
                0x0000000008001b2c       0x60 ./Core/Src/app_freertos.o
                0x0000000008001b2c                StartGNSSTask
 .text.StartMPU9250Task
                0x0000000008001b8c       0x20 ./Core/Src/app_freertos.o
                0x0000000008001b8c                StartMPU9250Task
 .text.bmp3_init
                0x0000000008001bac       0xa0 ./Core/Src/bmp3.o
                0x0000000008001bac                bmp3_init
 .text.bmp3_get_regs
                0x0000000008001c4c      0x118 ./Core/Src/bmp3.o
                0x0000000008001c4c                bmp3_get_regs
 .text.bmp3_set_regs
                0x0000000008001d64      0x11a ./Core/Src/bmp3.o
                0x0000000008001d64                bmp3_set_regs
 .text.bmp3_set_sensor_settings
                0x0000000008001e7e       0x9c ./Core/Src/bmp3.o
                0x0000000008001e7e                bmp3_set_sensor_settings
 .text.bmp3_get_status
                0x0000000008001f1a       0x56 ./Core/Src/bmp3.o
                0x0000000008001f1a                bmp3_get_status
 .text.bmp3_soft_reset
                0x0000000008001f70       0x94 ./Core/Src/bmp3.o
                0x0000000008001f70                bmp3_soft_reset
 .text.bmp3_set_op_mode
                0x0000000008002004       0xa4 ./Core/Src/bmp3.o
                0x0000000008002004                bmp3_set_op_mode
 .text.bmp3_get_op_mode
                0x00000000080020a8       0x44 ./Core/Src/bmp3.o
                0x00000000080020a8                bmp3_get_op_mode
 .text.bmp3_get_sensor_data
                0x00000000080020ec       0x80 ./Core/Src/bmp3.o
                0x00000000080020ec                bmp3_get_sensor_data
 .text.set_normal_mode
                0x000000000800216c       0x66 ./Core/Src/bmp3.o
 .text.write_power_mode
                0x00000000080021d2       0x6c ./Core/Src/bmp3.o
 .text.put_device_to_sleep
                0x000000000800223e       0x50 ./Core/Src/bmp3.o
 .text.validate_normal_mode_settings
                0x000000000800228e       0x34 ./Core/Src/bmp3.o
 .text.get_calib_data
                0x00000000080022c2       0x4a ./Core/Src/bmp3.o
 .text.interleave_reg_addr
                0x000000000800230c       0x56 ./Core/Src/bmp3.o
 .text.parse_odr_filter_settings
                0x0000000008002362       0x76 ./Core/Src/bmp3.o
 .text.set_pwr_ctrl_settings
                0x00000000080023d8       0x9c ./Core/Src/bmp3.o
 .text.set_odr_filter_settings
                0x0000000008002474       0xdc ./Core/Src/bmp3.o
 .text.set_int_ctrl_settings
                0x0000000008002550       0xf4 ./Core/Src/bmp3.o
 .text.set_advance_settings
                0x0000000008002644       0xa6 ./Core/Src/bmp3.o
 .text.get_odr_filter_settings
                0x00000000080026ea       0x38 ./Core/Src/bmp3.o
 *fill*         0x0000000008002722        0x2 
 .text.validate_osr_and_odr_settings
                0x0000000008002724       0x84 ./Core/Src/bmp3.o
 .text.verify_meas_time_and_odr_duration
                0x00000000080027a8       0x2c ./Core/Src/bmp3.o
 .text.calculate_press_meas_time
                0x00000000080027d4       0x60 ./Core/Src/bmp3.o
 .text.calculate_temp_meas_time
                0x0000000008002834       0x60 ./Core/Src/bmp3.o
 .text.fill_osr_data
                0x0000000008002894       0xb0 ./Core/Src/bmp3.o
 .text.fill_odr_data
                0x0000000008002944       0x74 ./Core/Src/bmp3.o
 .text.fill_filter_data
                0x00000000080029b8       0x6c ./Core/Src/bmp3.o
 .text.parse_sensor_data
                0x0000000008002a24       0x78 ./Core/Src/bmp3.o
 .text.compensate_data
                0x0000000008002a9c       0xe4 ./Core/Src/bmp3.o
 .text.parse_calib_data
                0x0000000008002b80      0x390 ./Core/Src/bmp3.o
 .text.compensate_temperature
                0x0000000008002f10       0xf4 ./Core/Src/bmp3.o
 *fill*         0x0000000008003004        0x4 
 .text.compensate_pressure
                0x0000000008003008      0x2f0 ./Core/Src/bmp3.o
 .text.pow_bmp3
                0x00000000080032f8       0x4a ./Core/Src/bmp3.o
 .text.are_settings_changed
                0x0000000008003342       0x30 ./Core/Src/bmp3.o
 .text.null_ptr_check
                0x0000000008003372       0x48 ./Core/Src/bmp3.o
 .text.get_sensor_status
                0x00000000080033ba       0x86 ./Core/Src/bmp3.o
 .text.get_int_status
                0x0000000008003440       0x5c ./Core/Src/bmp3.o
 .text.get_err_status
                0x000000000800349c       0x5c ./Core/Src/bmp3.o
 .text.bmp3_interface_init
                0x00000000080034f8       0x68 ./Core/Src/bmp388.o
                0x00000000080034f8                bmp3_interface_init
 .text.BMP388_init
                0x0000000008003560       0x94 ./Core/Src/bmp388.o
                0x0000000008003560                BMP388_init
 *fill*         0x00000000080035f4        0x4 
 .text.BMP388_Read
                0x00000000080035f8      0x128 ./Core/Src/bmp388.o
                0x00000000080035f8                BMP388_Read
 .text.bmp3_delay_us
                0x0000000008003720       0x36 ./Core/Src/common_porting.o
                0x0000000008003720                bmp3_delay_us
 *fill*         0x0000000008003756        0x2 
 .text.SensorAPI_I2Cx_Read
                0x0000000008003758       0x48 ./Core/Src/common_porting.o
                0x0000000008003758                SensorAPI_I2Cx_Read
 .text.SensorAPI_I2Cx_Write
                0x00000000080037a0       0x50 ./Core/Src/common_porting.o
                0x00000000080037a0                SensorAPI_I2Cx_Write
 .text.MX_DMA_Init
                0x00000000080037f0       0x64 ./Core/Src/dma.o
                0x00000000080037f0                MX_DMA_Init
 .text.MX_GPIO_Init
                0x0000000008003854       0xcc ./Core/Src/gpio.o
                0x0000000008003854                MX_GPIO_Init
 .text.MX_I2C2_Init
                0x0000000008003920       0x80 ./Core/Src/i2c.o
                0x0000000008003920                MX_I2C2_Init
 .text.HAL_I2C_MspInit
                0x00000000080039a0       0xb0 ./Core/Src/i2c.o
                0x00000000080039a0                HAL_I2C_MspInit
 .text._write   0x0000000008003a50       0x2c ./Core/Src/main.o
                0x0000000008003a50                _write
 .text.main     0x0000000008003a7c       0x90 ./Core/Src/main.o
                0x0000000008003a7c                main
 .text.SystemClock_Config
                0x0000000008003b0c       0x96 ./Core/Src/main.o
                0x0000000008003b0c                SystemClock_Config
 .text.HAL_TIM_PeriodElapsedCallback
                0x0000000008003ba2       0x1e ./Core/Src/main.o
                0x0000000008003ba2                HAL_TIM_PeriodElapsedCallback
 .text.Error_Handler
                0x0000000008003bc0        0xa ./Core/Src/main.o
                0x0000000008003bc0                Error_Handler
 *fill*         0x0000000008003bca        0x2 
 .text.MPU9255_Init
                0x0000000008003bcc       0xc8 ./Core/Src/mpu9255.o
                0x0000000008003bcc                MPU9255_Init
 *fill*         0x0000000008003c94        0x4 
 .text.readAll  0x0000000008003c98      0x6c4 ./Core/Src/mpu9255.o
                0x0000000008003c98                readAll
 .text.getMres  0x000000000800435c       0x3c ./Core/Src/mpu9255.o
                0x000000000800435c                getMres
 .text.getGres  0x0000000008004398       0x68 ./Core/Src/mpu9255.o
                0x0000000008004398                getGres
 .text.getAres  0x0000000008004400       0x60 ./Core/Src/mpu9255.o
                0x0000000008004400                getAres
 .text.readAccelData
                0x0000000008004460       0x66 ./Core/Src/mpu9255.o
                0x0000000008004460                readAccelData
 .text.readGyroData
                0x00000000080044c6       0x66 ./Core/Src/mpu9255.o
                0x00000000080044c6                readGyroData
 .text.readMagData
                0x000000000800452c       0x98 ./Core/Src/mpu9255.o
                0x000000000800452c                readMagData
 .text.initAK8963
                0x00000000080045c4      0x1ac ./Core/Src/mpu9255.o
                0x00000000080045c4                initAK8963
 .text.calibrateMag
                0x0000000008004770      0x2dc ./Core/Src/mpu9255.o
                0x0000000008004770                calibrateMag
 .text.initMPU9250
                0x0000000008004a4c      0x1c4 ./Core/Src/mpu9255.o
                0x0000000008004a4c                initMPU9250
 .text.calibrateMPU9250
                0x0000000008004c10      0x850 ./Core/Src/mpu9255.o
                0x0000000008004c10                calibrateMPU9250
 .text.MPU9250SelfTest
                0x0000000008005460      0xa18 ./Core/Src/mpu9255.o
                0x0000000008005460                MPU9250SelfTest
 .text.QuaternionUpdate
                0x0000000008005e78      0xcec ./Core/Src/mpu9255.o
                0x0000000008005e78                QuaternionUpdate
 .text.HAL_MspInit
                0x0000000008006b64       0x54 ./Core/Src/stm32g4xx_hal_msp.o
                0x0000000008006b64                HAL_MspInit
 .text.HAL_InitTick
                0x0000000008006bb8       0xdc ./Core/Src/stm32g4xx_hal_timebase_tim.o
                0x0000000008006bb8                HAL_InitTick
 .text.NMI_Handler
                0x0000000008006c94        0x6 ./Core/Src/stm32g4xx_it.o
                0x0000000008006c94                NMI_Handler
 .text.HardFault_Handler
                0x0000000008006c9a        0x6 ./Core/Src/stm32g4xx_it.o
                0x0000000008006c9a                HardFault_Handler
 .text.MemManage_Handler
                0x0000000008006ca0        0x6 ./Core/Src/stm32g4xx_it.o
                0x0000000008006ca0                MemManage_Handler
 .text.BusFault_Handler
                0x0000000008006ca6        0x6 ./Core/Src/stm32g4xx_it.o
                0x0000000008006ca6                BusFault_Handler
 .text.UsageFault_Handler
                0x0000000008006cac        0x6 ./Core/Src/stm32g4xx_it.o
                0x0000000008006cac                UsageFault_Handler
 .text.DebugMon_Handler
                0x0000000008006cb2        0xe ./Core/Src/stm32g4xx_it.o
                0x0000000008006cb2                DebugMon_Handler
 .text.DMA1_Channel1_IRQHandler
                0x0000000008006cc0       0x14 ./Core/Src/stm32g4xx_it.o
                0x0000000008006cc0                DMA1_Channel1_IRQHandler
 .text.DMA1_Channel2_IRQHandler
                0x0000000008006cd4       0x14 ./Core/Src/stm32g4xx_it.o
                0x0000000008006cd4                DMA1_Channel2_IRQHandler
 .text.TIM2_IRQHandler
                0x0000000008006ce8       0x14 ./Core/Src/stm32g4xx_it.o
                0x0000000008006ce8                TIM2_IRQHandler
 .text.USART1_IRQHandler
                0x0000000008006cfc       0x14 ./Core/Src/stm32g4xx_it.o
                0x0000000008006cfc                USART1_IRQHandler
 .text._getpid  0x0000000008006d10       0x10 ./Core/Src/syscalls.o
                0x0000000008006d10                _getpid
 .text._kill    0x0000000008006d20       0x20 ./Core/Src/syscalls.o
                0x0000000008006d20                _kill
 .text._exit    0x0000000008006d40       0x14 ./Core/Src/syscalls.o
                0x0000000008006d40                _exit
 .text._read    0x0000000008006d54       0x3a ./Core/Src/syscalls.o
                0x0000000008006d54                _read
 .text._close   0x0000000008006d8e       0x18 ./Core/Src/syscalls.o
                0x0000000008006d8e                _close
 .text._fstat   0x0000000008006da6       0x20 ./Core/Src/syscalls.o
                0x0000000008006da6                _fstat
 .text._isatty  0x0000000008006dc6       0x16 ./Core/Src/syscalls.o
                0x0000000008006dc6                _isatty
 .text._lseek   0x0000000008006ddc       0x1a ./Core/Src/syscalls.o
                0x0000000008006ddc                _lseek
 *fill*         0x0000000008006df6        0x2 
 .text._sbrk    0x0000000008006df8       0x6c ./Core/Src/sysmem.o
                0x0000000008006df8                _sbrk
 .text.SystemInit
                0x0000000008006e64       0x24 ./Core/Src/system_stm32g4xx.o
                0x0000000008006e64                SystemInit
 .text.MX_LPUART1_UART_Init
                0x0000000008006e88       0x94 ./Core/Src/usart.o
                0x0000000008006e88                MX_LPUART1_UART_Init
 .text.MX_USART1_UART_Init
                0x0000000008006f1c       0x98 ./Core/Src/usart.o
                0x0000000008006f1c                MX_USART1_UART_Init
 .text.HAL_UART_MspInit
                0x0000000008006fb4      0x1f4 ./Core/Src/usart.o
                0x0000000008006fb4                HAL_UART_MspInit
 .text.Reset_Handler
                0x00000000080071a8       0x50 ./Core/Startup/startup_stm32g431rbtx.o
                0x00000000080071a8                Reset_Handler
 .text.Default_Handler
                0x00000000080071f8        0x2 ./Core/Startup/startup_stm32g431rbtx.o
                0x00000000080071f8                RTC_Alarm_IRQHandler
                0x00000000080071f8                EXTI2_IRQHandler
                0x00000000080071f8                TIM8_TRG_COM_IRQHandler
                0x00000000080071f8                TIM8_CC_IRQHandler
                0x00000000080071f8                TIM1_CC_IRQHandler
                0x00000000080071f8                USB_HP_IRQHandler
                0x00000000080071f8                CORDIC_IRQHandler
                0x00000000080071f8                EXTI3_IRQHandler
                0x00000000080071f8                I2C3_ER_IRQHandler
                0x00000000080071f8                EXTI0_IRQHandler
                0x00000000080071f8                I2C2_EV_IRQHandler
                0x00000000080071f8                FPU_IRQHandler
                0x00000000080071f8                FDCAN1_IT1_IRQHandler
                0x00000000080071f8                TIM1_UP_TIM16_IRQHandler
                0x00000000080071f8                ADC1_2_IRQHandler
                0x00000000080071f8                SPI1_IRQHandler
                0x00000000080071f8                TIM6_DAC_IRQHandler
                0x00000000080071f8                TIM8_UP_IRQHandler
                0x00000000080071f8                DMA2_Channel2_IRQHandler
                0x00000000080071f8                DMA1_Channel4_IRQHandler
                0x00000000080071f8                USART3_IRQHandler
                0x00000000080071f8                TIM4_IRQHandler
                0x00000000080071f8                DMA2_Channel1_IRQHandler
                0x00000000080071f8                I2C1_EV_IRQHandler
                0x00000000080071f8                DMA1_Channel6_IRQHandler
                0x00000000080071f8                UART4_IRQHandler
                0x00000000080071f8                DMA2_Channel4_IRQHandler
                0x00000000080071f8                TIM3_IRQHandler
                0x00000000080071f8                RCC_IRQHandler
                0x00000000080071f8                Default_Handler
                0x00000000080071f8                RTC_TAMP_LSECSS_IRQHandler
                0x00000000080071f8                FMAC_IRQHandler
                0x00000000080071f8                EXTI15_10_IRQHandler
                0x00000000080071f8                TIM7_IRQHandler
                0x00000000080071f8                UCPD1_IRQHandler
                0x00000000080071f8                I2C3_EV_IRQHandler
                0x00000000080071f8                EXTI9_5_IRQHandler
                0x00000000080071f8                RTC_WKUP_IRQHandler
                0x00000000080071f8                PVD_PVM_IRQHandler
                0x00000000080071f8                SPI2_IRQHandler
                0x00000000080071f8                DMA2_Channel5_IRQHandler
                0x00000000080071f8                CRS_IRQHandler
                0x00000000080071f8                DMA1_Channel5_IRQHandler
                0x00000000080071f8                USB_LP_IRQHandler
                0x00000000080071f8                EXTI4_IRQHandler
                0x00000000080071f8                RNG_IRQHandler
                0x00000000080071f8                TIM1_TRG_COM_TIM17_IRQHandler
                0x00000000080071f8                DMA1_Channel3_IRQHandler
                0x00000000080071f8                WWDG_IRQHandler
                0x00000000080071f8                LPUART1_IRQHandler
                0x00000000080071f8                DMA2_Channel6_IRQHandler
                0x00000000080071f8                FDCAN1_IT0_IRQHandler
                0x00000000080071f8                COMP1_2_3_IRQHandler
                0x00000000080071f8                EXTI1_IRQHandler
                0x00000000080071f8                USART2_IRQHandler
                0x00000000080071f8                I2C2_ER_IRQHandler
                0x00000000080071f8                TIM8_BRK_IRQHandler
                0x00000000080071f8                FLASH_IRQHandler
                0x00000000080071f8                SPI3_IRQHandler
                0x00000000080071f8                I2C1_ER_IRQHandler
                0x00000000080071f8                LPTIM1_IRQHandler
                0x00000000080071f8                DMAMUX_OVR_IRQHandler
                0x00000000080071f8                USBWakeUp_IRQHandler
                0x00000000080071f8                SAI1_IRQHandler
                0x00000000080071f8                DMA2_Channel3_IRQHandler
                0x00000000080071f8                COMP4_IRQHandler
                0x00000000080071f8                TIM1_BRK_TIM15_IRQHandler
 .text.HAL_Init
                0x00000000080071fa       0x30 ./Drivers/STM32G4xx_HAL_Driver/Src/stm32g4xx_hal.o
                0x00000000080071fa                HAL_Init
 *fill*         0x000000000800722a        0x2 
 .text.HAL_IncTick
                0x000000000800722c       0x24 ./Drivers/STM32G4xx_HAL_Driver/Src/stm32g4xx_hal.o
                0x000000000800722c                HAL_IncTick
 .text.HAL_GetTick
                0x0000000008007250       0x18 ./Drivers/STM32G4xx_HAL_Driver/Src/stm32g4xx_hal.o
                0x0000000008007250                HAL_GetTick
 .text.HAL_Delay
                0x0000000008007268       0x44 ./Drivers/STM32G4xx_HAL_Driver/Src/stm32g4xx_hal.o
                0x0000000008007268                HAL_Delay
 .text.__NVIC_SetPriorityGrouping
                0x00000000080072ac       0x48 ./Drivers/STM32G4xx_HAL_Driver/Src/stm32g4xx_hal_cortex.o
 .text.__NVIC_GetPriorityGrouping
                0x00000000080072f4       0x1c ./Drivers/STM32G4xx_HAL_Driver/Src/stm32g4xx_hal_cortex.o
 .text.__NVIC_EnableIRQ
                0x0000000008007310       0x3c ./Drivers/STM32G4xx_HAL_Driver/Src/stm32g4xx_hal_cortex.o
 .text.__NVIC_SetPriority
                0x000000000800734c       0x54 ./Drivers/STM32G4xx_HAL_Driver/Src/stm32g4xx_hal_cortex.o
 .text.NVIC_EncodePriority
                0x00000000080073a0       0x66 ./Drivers/STM32G4xx_HAL_Driver/Src/stm32g4xx_hal_cortex.o
 .text.HAL_NVIC_SetPriorityGrouping
                0x0000000008007406       0x16 ./Drivers/STM32G4xx_HAL_Driver/Src/stm32g4xx_hal_cortex.o
                0x0000000008007406                HAL_NVIC_SetPriorityGrouping
 .text.HAL_NVIC_SetPriority
                0x000000000800741c       0x34 ./Drivers/STM32G4xx_HAL_Driver/Src/stm32g4xx_hal_cortex.o
                0x000000000800741c                HAL_NVIC_SetPriority
 .text.HAL_NVIC_EnableIRQ
                0x0000000008007450       0x1c ./Drivers/STM32G4xx_HAL_Driver/Src/stm32g4xx_hal_cortex.o
                0x0000000008007450                HAL_NVIC_EnableIRQ
 .text.HAL_DMA_Init
                0x000000000800746c      0x150 ./Drivers/STM32G4xx_HAL_Driver/Src/stm32g4xx_hal_dma.o
                0x000000000800746c                HAL_DMA_Init
 .text.HAL_DMA_Start_IT
                0x00000000080075bc       0xf6 ./Drivers/STM32G4xx_HAL_Driver/Src/stm32g4xx_hal_dma.o
                0x00000000080075bc                HAL_DMA_Start_IT
 .text.HAL_DMA_Abort
                0x00000000080076b2       0xb2 ./Drivers/STM32G4xx_HAL_Driver/Src/stm32g4xx_hal_dma.o
                0x00000000080076b2                HAL_DMA_Abort
 .text.HAL_DMA_Abort_IT
                0x0000000008007764       0xce ./Drivers/STM32G4xx_HAL_Driver/Src/stm32g4xx_hal_dma.o
                0x0000000008007764                HAL_DMA_Abort_IT
 .text.HAL_DMA_IRQHandler
                0x0000000008007832      0x15e ./Drivers/STM32G4xx_HAL_Driver/Src/stm32g4xx_hal_dma.o
                0x0000000008007832                HAL_DMA_IRQHandler
 .text.DMA_SetConfig
                0x0000000008007990       0x7c ./Drivers/STM32G4xx_HAL_Driver/Src/stm32g4xx_hal_dma.o
 .text.DMA_CalcDMAMUXChannelBaseAndMask
                0x0000000008007a0c       0x7c ./Drivers/STM32G4xx_HAL_Driver/Src/stm32g4xx_hal_dma.o
 .text.DMA_CalcDMAMUXRequestGenBaseAndMask
                0x0000000008007a88       0x48 ./Drivers/STM32G4xx_HAL_Driver/Src/stm32g4xx_hal_dma.o
 .text.HAL_GPIO_Init
                0x0000000008007ad0      0x304 ./Drivers/STM32G4xx_HAL_Driver/Src/stm32g4xx_hal_gpio.o
                0x0000000008007ad0                HAL_GPIO_Init
 .text.HAL_GPIO_WritePin
                0x0000000008007dd4       0x30 ./Drivers/STM32G4xx_HAL_Driver/Src/stm32g4xx_hal_gpio.o
                0x0000000008007dd4                HAL_GPIO_WritePin
 .text.HAL_I2C_Init
                0x0000000008007e04      0x11e ./Drivers/STM32G4xx_HAL_Driver/Src/stm32g4xx_hal_i2c.o
                0x0000000008007e04                HAL_I2C_Init
 *fill*         0x0000000008007f22        0x2 
 .text.HAL_I2C_Master_Transmit
                0x0000000008007f24      0x1e8 ./Drivers/STM32G4xx_HAL_Driver/Src/stm32g4xx_hal_i2c.o
                0x0000000008007f24                HAL_I2C_Master_Transmit
 .text.HAL_I2C_Master_Receive
                0x000000000800810c      0x1ec ./Drivers/STM32G4xx_HAL_Driver/Src/stm32g4xx_hal_i2c.o
                0x000000000800810c                HAL_I2C_Master_Receive
 .text.HAL_I2C_Mem_Write
                0x00000000080082f8      0x228 ./Drivers/STM32G4xx_HAL_Driver/Src/stm32g4xx_hal_i2c.o
                0x00000000080082f8                HAL_I2C_Mem_Write
 .text.HAL_I2C_Mem_Read
                0x0000000008008520      0x234 ./Drivers/STM32G4xx_HAL_Driver/Src/stm32g4xx_hal_i2c.o
                0x0000000008008520                HAL_I2C_Mem_Read
 .text.I2C_RequestMemoryWrite
                0x0000000008008754       0xa8 ./Drivers/STM32G4xx_HAL_Driver/Src/stm32g4xx_hal_i2c.o
 .text.I2C_RequestMemoryRead
                0x00000000080087fc       0xa8 ./Drivers/STM32G4xx_HAL_Driver/Src/stm32g4xx_hal_i2c.o
 .text.I2C_Flush_TXDR
                0x00000000080088a4       0x48 ./Drivers/STM32G4xx_HAL_Driver/Src/stm32g4xx_hal_i2c.o
 .text.I2C_WaitOnFlagUntilTimeout
                0x00000000080088ec       0x80 ./Drivers/STM32G4xx_HAL_Driver/Src/stm32g4xx_hal_i2c.o
 .text.I2C_WaitOnTXISFlagUntilTimeout
                0x000000000800896c       0x80 ./Drivers/STM32G4xx_HAL_Driver/Src/stm32g4xx_hal_i2c.o
 .text.I2C_WaitOnSTOPFlagUntilTimeout
                0x00000000080089ec       0x78 ./Drivers/STM32G4xx_HAL_Driver/Src/stm32g4xx_hal_i2c.o
 .text.I2C_WaitOnRXNEFlagUntilTimeout
                0x0000000008008a64       0xf4 ./Drivers/STM32G4xx_HAL_Driver/Src/stm32g4xx_hal_i2c.o
 .text.I2C_IsErrorOccurred
                0x0000000008008b58      0x1d8 ./Drivers/STM32G4xx_HAL_Driver/Src/stm32g4xx_hal_i2c.o
 .text.I2C_TransferConfig
                0x0000000008008d30       0x64 ./Drivers/STM32G4xx_HAL_Driver/Src/stm32g4xx_hal_i2c.o
 .text.HAL_I2CEx_ConfigAnalogFilter
                0x0000000008008d94       0x96 ./Drivers/STM32G4xx_HAL_Driver/Src/stm32g4xx_hal_i2c_ex.o
                0x0000000008008d94                HAL_I2CEx_ConfigAnalogFilter
 .text.HAL_I2CEx_ConfigDigitalFilter
                0x0000000008008e2a       0x98 ./Drivers/STM32G4xx_HAL_Driver/Src/stm32g4xx_hal_i2c_ex.o
                0x0000000008008e2a                HAL_I2CEx_ConfigDigitalFilter
 *fill*         0x0000000008008ec2        0x2 
 .text.HAL_PWREx_ControlVoltageScaling
                0x0000000008008ec4      0x148 ./Drivers/STM32G4xx_HAL_Driver/Src/stm32g4xx_hal_pwr_ex.o
                0x0000000008008ec4                HAL_PWREx_ControlVoltageScaling
 .text.HAL_PWREx_DisableUCPDDeadBattery
                0x000000000800900c       0x20 ./Drivers/STM32G4xx_HAL_Driver/Src/stm32g4xx_hal_pwr_ex.o
                0x000000000800900c                HAL_PWREx_DisableUCPDDeadBattery
 .text.HAL_RCC_OscConfig
                0x000000000800902c      0x630 ./Drivers/STM32G4xx_HAL_Driver/Src/stm32g4xx_hal_rcc.o
                0x000000000800902c                HAL_RCC_OscConfig
 .text.HAL_RCC_ClockConfig
                0x000000000800965c      0x278 ./Drivers/STM32G4xx_HAL_Driver/Src/stm32g4xx_hal_rcc.o
                0x000000000800965c                HAL_RCC_ClockConfig
 .text.HAL_RCC_GetSysClockFreq
                0x00000000080098d4       0xc4 ./Drivers/STM32G4xx_HAL_Driver/Src/stm32g4xx_hal_rcc.o
                0x00000000080098d4                HAL_RCC_GetSysClockFreq
 .text.HAL_RCC_GetHCLKFreq
                0x0000000008009998       0x18 ./Drivers/STM32G4xx_HAL_Driver/Src/stm32g4xx_hal_rcc.o
                0x0000000008009998                HAL_RCC_GetHCLKFreq
 .text.HAL_RCC_GetPCLK1Freq
                0x00000000080099b0       0x2c ./Drivers/STM32G4xx_HAL_Driver/Src/stm32g4xx_hal_rcc.o
                0x00000000080099b0                HAL_RCC_GetPCLK1Freq
 .text.HAL_RCC_GetPCLK2Freq
                0x00000000080099dc       0x2c ./Drivers/STM32G4xx_HAL_Driver/Src/stm32g4xx_hal_rcc.o
                0x00000000080099dc                HAL_RCC_GetPCLK2Freq
 .text.HAL_RCC_GetClockConfig
                0x0000000008009a08       0x64 ./Drivers/STM32G4xx_HAL_Driver/Src/stm32g4xx_hal_rcc.o
                0x0000000008009a08                HAL_RCC_GetClockConfig
 .text.RCC_GetSysClockFreqFromPLLSource
                0x0000000008009a6c       0x8c ./Drivers/STM32G4xx_HAL_Driver/Src/stm32g4xx_hal_rcc.o
 .text.HAL_RCCEx_PeriphCLKConfig
                0x0000000008009af8      0x3e0 ./Drivers/STM32G4xx_HAL_Driver/Src/stm32g4xx_hal_rcc_ex.o
                0x0000000008009af8                HAL_RCCEx_PeriphCLKConfig
 .text.HAL_TIM_Base_Init
                0x0000000008009ed8       0xae ./Drivers/STM32G4xx_HAL_Driver/Src/stm32g4xx_hal_tim.o
                0x0000000008009ed8                HAL_TIM_Base_Init
 .text.HAL_TIM_Base_MspInit
                0x0000000008009f86       0x14 ./Drivers/STM32G4xx_HAL_Driver/Src/stm32g4xx_hal_tim.o
                0x0000000008009f86                HAL_TIM_Base_MspInit
 *fill*         0x0000000008009f9a        0x2 
 .text.HAL_TIM_Base_Start_IT
                0x0000000008009f9c       0xd4 ./Drivers/STM32G4xx_HAL_Driver/Src/stm32g4xx_hal_tim.o
                0x0000000008009f9c                HAL_TIM_Base_Start_IT
 .text.HAL_TIM_IRQHandler
                0x000000000800a070      0x2fe ./Drivers/STM32G4xx_HAL_Driver/Src/stm32g4xx_hal_tim.o
                0x000000000800a070                HAL_TIM_IRQHandler
 .text.HAL_TIM_OC_DelayElapsedCallback
                0x000000000800a36e       0x14 ./Drivers/STM32G4xx_HAL_Driver/Src/stm32g4xx_hal_tim.o
                0x000000000800a36e                HAL_TIM_OC_DelayElapsedCallback
 .text.HAL_TIM_IC_CaptureCallback
                0x000000000800a382       0x14 ./Drivers/STM32G4xx_HAL_Driver/Src/stm32g4xx_hal_tim.o
                0x000000000800a382                HAL_TIM_IC_CaptureCallback
 .text.HAL_TIM_PWM_PulseFinishedCallback
                0x000000000800a396       0x14 ./Drivers/STM32G4xx_HAL_Driver/Src/stm32g4xx_hal_tim.o
                0x000000000800a396                HAL_TIM_PWM_PulseFinishedCallback
 .text.HAL_TIM_TriggerCallback
                0x000000000800a3aa       0x14 ./Drivers/STM32G4xx_HAL_Driver/Src/stm32g4xx_hal_tim.o
                0x000000000800a3aa                HAL_TIM_TriggerCallback
 *fill*         0x000000000800a3be        0x2 
 .text.TIM_Base_SetConfig
                0x000000000800a3c0      0x120 ./Drivers/STM32G4xx_HAL_Driver/Src/stm32g4xx_hal_tim.o
                0x000000000800a3c0                TIM_Base_SetConfig
 .text.HAL_TIMEx_CommutCallback
                0x000000000800a4e0       0x14 ./Drivers/STM32G4xx_HAL_Driver/Src/stm32g4xx_hal_tim_ex.o
                0x000000000800a4e0                HAL_TIMEx_CommutCallback
 .text.HAL_TIMEx_BreakCallback
                0x000000000800a4f4       0x14 ./Drivers/STM32G4xx_HAL_Driver/Src/stm32g4xx_hal_tim_ex.o
                0x000000000800a4f4                HAL_TIMEx_BreakCallback
 .text.HAL_TIMEx_Break2Callback
                0x000000000800a508       0x14 ./Drivers/STM32G4xx_HAL_Driver/Src/stm32g4xx_hal_tim_ex.o
                0x000000000800a508                HAL_TIMEx_Break2Callback
 .text.HAL_TIMEx_EncoderIndexCallback
                0x000000000800a51c       0x14 ./Drivers/STM32G4xx_HAL_Driver/Src/stm32g4xx_hal_tim_ex.o
                0x000000000800a51c                HAL_TIMEx_EncoderIndexCallback
 .text.HAL_TIMEx_DirectionChangeCallback
                0x000000000800a530       0x14 ./Drivers/STM32G4xx_HAL_Driver/Src/stm32g4xx_hal_tim_ex.o
                0x000000000800a530                HAL_TIMEx_DirectionChangeCallback
 .text.HAL_TIMEx_IndexErrorCallback
                0x000000000800a544       0x14 ./Drivers/STM32G4xx_HAL_Driver/Src/stm32g4xx_hal_tim_ex.o
                0x000000000800a544                HAL_TIMEx_IndexErrorCallback
 .text.HAL_TIMEx_TransitionErrorCallback
                0x000000000800a558       0x14 ./Drivers/STM32G4xx_HAL_Driver/Src/stm32g4xx_hal_tim_ex.o
                0x000000000800a558                HAL_TIMEx_TransitionErrorCallback
 .text.HAL_UART_Init
                0x000000000800a56c       0xa0 ./Drivers/STM32G4xx_HAL_Driver/Src/stm32g4xx_hal_uart.o
                0x000000000800a56c                HAL_UART_Init
 .text.HAL_UART_Transmit
                0x000000000800a60c      0x12c ./Drivers/STM32G4xx_HAL_Driver/Src/stm32g4xx_hal_uart.o
                0x000000000800a60c                HAL_UART_Transmit
 .text.HAL_UART_Receive_IT
                0x000000000800a738       0xac ./Drivers/STM32G4xx_HAL_Driver/Src/stm32g4xx_hal_uart.o
                0x000000000800a738                HAL_UART_Receive_IT
 .text.HAL_UART_Transmit_DMA
                0x000000000800a7e4      0x124 ./Drivers/STM32G4xx_HAL_Driver/Src/stm32g4xx_hal_uart.o
                0x000000000800a7e4                HAL_UART_Transmit_DMA
 .text.HAL_UART_IRQHandler
                0x000000000800a908      0x630 ./Drivers/STM32G4xx_HAL_Driver/Src/stm32g4xx_hal_uart.o
                0x000000000800a908                HAL_UART_IRQHandler
 .text.HAL_UART_TxCpltCallback
                0x000000000800af38       0x14 ./Drivers/STM32G4xx_HAL_Driver/Src/stm32g4xx_hal_uart.o
                0x000000000800af38                HAL_UART_TxCpltCallback
 .text.HAL_UART_TxHalfCpltCallback
                0x000000000800af4c       0x14 ./Drivers/STM32G4xx_HAL_Driver/Src/stm32g4xx_hal_uart.o
                0x000000000800af4c                HAL_UART_TxHalfCpltCallback
 .text.HAL_UART_RxCpltCallback
                0x000000000800af60       0x14 ./Drivers/STM32G4xx_HAL_Driver/Src/stm32g4xx_hal_uart.o
                0x000000000800af60                HAL_UART_RxCpltCallback
 .text.HAL_UART_ErrorCallback
                0x000000000800af74       0x14 ./Drivers/STM32G4xx_HAL_Driver/Src/stm32g4xx_hal_uart.o
                0x000000000800af74                HAL_UART_ErrorCallback
 .text.HAL_UARTEx_RxEventCallback
                0x000000000800af88       0x18 ./Drivers/STM32G4xx_HAL_Driver/Src/stm32g4xx_hal_uart.o
                0x000000000800af88                HAL_UARTEx_RxEventCallback
 .text.UART_SetConfig
                0x000000000800afa0      0x538 ./Drivers/STM32G4xx_HAL_Driver/Src/stm32g4xx_hal_uart.o
                0x000000000800afa0                UART_SetConfig
 .text.UART_AdvFeatureConfig
                0x000000000800b4d8      0x144 ./Drivers/STM32G4xx_HAL_Driver/Src/stm32g4xx_hal_uart.o
                0x000000000800b4d8                UART_AdvFeatureConfig
 .text.UART_CheckIdleState
                0x000000000800b61c       0x96 ./Drivers/STM32G4xx_HAL_Driver/Src/stm32g4xx_hal_uart.o
                0x000000000800b61c                UART_CheckIdleState
 .text.UART_WaitOnFlagUntilTimeout
                0x000000000800b6b2      0x190 ./Drivers/STM32G4xx_HAL_Driver/Src/stm32g4xx_hal_uart.o
                0x000000000800b6b2                UART_WaitOnFlagUntilTimeout
 *fill*         0x000000000800b842        0x2 
 .text.UART_Start_Receive_IT
                0x000000000800b844      0x254 ./Drivers/STM32G4xx_HAL_Driver/Src/stm32g4xx_hal_uart.o
                0x000000000800b844                UART_Start_Receive_IT
 .text.UART_EndTxTransfer
                0x000000000800ba98       0x82 ./Drivers/STM32G4xx_HAL_Driver/Src/stm32g4xx_hal_uart.o
 .text.UART_EndRxTransfer
                0x000000000800bb1a       0xcc ./Drivers/STM32G4xx_HAL_Driver/Src/stm32g4xx_hal_uart.o
 .text.UART_DMATransmitCplt
                0x000000000800bbe6       0x9a ./Drivers/STM32G4xx_HAL_Driver/Src/stm32g4xx_hal_uart.o
 .text.UART_DMATxHalfCplt
                0x000000000800bc80       0x1c ./Drivers/STM32G4xx_HAL_Driver/Src/stm32g4xx_hal_uart.o
 .text.UART_DMAError
                0x000000000800bc9c       0x80 ./Drivers/STM32G4xx_HAL_Driver/Src/stm32g4xx_hal_uart.o
 .text.UART_DMAAbortOnError
                0x000000000800bd1c       0x2c ./Drivers/STM32G4xx_HAL_Driver/Src/stm32g4xx_hal_uart.o
 .text.UART_EndTransmit_IT
                0x000000000800bd48       0x56 ./Drivers/STM32G4xx_HAL_Driver/Src/stm32g4xx_hal_uart.o
 .text.UART_RxISR_8BIT
                0x000000000800bd9e      0x160 ./Drivers/STM32G4xx_HAL_Driver/Src/stm32g4xx_hal_uart.o
 .text.UART_RxISR_16BIT
                0x000000000800befe      0x160 ./Drivers/STM32G4xx_HAL_Driver/Src/stm32g4xx_hal_uart.o
 *fill*         0x000000000800c05e        0x2 
 .text.UART_RxISR_8BIT_FIFOEN
                0x000000000800c060      0x2f8 ./Drivers/STM32G4xx_HAL_Driver/Src/stm32g4xx_hal_uart.o
 .text.UART_RxISR_16BIT_FIFOEN
                0x000000000800c358      0x300 ./Drivers/STM32G4xx_HAL_Driver/Src/stm32g4xx_hal_uart.o
 .text.HAL_UARTEx_WakeupCallback
                0x000000000800c658       0x14 ./Drivers/STM32G4xx_HAL_Driver/Src/stm32g4xx_hal_uart_ex.o
                0x000000000800c658                HAL_UARTEx_WakeupCallback
 .text.HAL_UARTEx_RxFifoFullCallback
                0x000000000800c66c       0x14 ./Drivers/STM32G4xx_HAL_Driver/Src/stm32g4xx_hal_uart_ex.o
                0x000000000800c66c                HAL_UARTEx_RxFifoFullCallback
 .text.HAL_UARTEx_TxFifoEmptyCallback
                0x000000000800c680       0x14 ./Drivers/STM32G4xx_HAL_Driver/Src/stm32g4xx_hal_uart_ex.o
                0x000000000800c680                HAL_UARTEx_TxFifoEmptyCallback
 .text.HAL_UARTEx_DisableFifoMode
                0x000000000800c694       0x72 ./Drivers/STM32G4xx_HAL_Driver/Src/stm32g4xx_hal_uart_ex.o
                0x000000000800c694                HAL_UARTEx_DisableFifoMode
 .text.HAL_UARTEx_SetTxFifoThreshold
                0x000000000800c706       0x7c ./Drivers/STM32G4xx_HAL_Driver/Src/stm32g4xx_hal_uart_ex.o
                0x000000000800c706                HAL_UARTEx_SetTxFifoThreshold
 .text.HAL_UARTEx_SetRxFifoThreshold
                0x000000000800c782       0x7c ./Drivers/STM32G4xx_HAL_Driver/Src/stm32g4xx_hal_uart_ex.o
                0x000000000800c782                HAL_UARTEx_SetRxFifoThreshold
 *fill*         0x000000000800c7fe        0x2 
 .text.UARTEx_SetNbDataToProcess
                0x000000000800c800       0x9c ./Drivers/STM32G4xx_HAL_Driver/Src/stm32g4xx_hal_uart_ex.o
 .text.__NVIC_SetPriority
                0x000000000800c89c       0x54 ./Middlewares/Third_Party/FreeRTOS/Source/CMSIS_RTOS_V2/cmsis_os2.o
 .text.SysTick_Handler
                0x000000000800c8f0       0x20 ./Middlewares/Third_Party/FreeRTOS/Source/CMSIS_RTOS_V2/cmsis_os2.o
                0x000000000800c8f0                SysTick_Handler
 .text.SVC_Setup
                0x000000000800c910       0x12 ./Middlewares/Third_Party/FreeRTOS/Source/CMSIS_RTOS_V2/cmsis_os2.o
 *fill*         0x000000000800c922        0x2 
 .text.osKernelInitialize
                0x000000000800c924       0x48 ./Middlewares/Third_Party/FreeRTOS/Source/CMSIS_RTOS_V2/cmsis_os2.o
                0x000000000800c924                osKernelInitialize
 .text.osKernelStart
                0x000000000800c96c       0x4c ./Middlewares/Third_Party/FreeRTOS/Source/CMSIS_RTOS_V2/cmsis_os2.o
                0x000000000800c96c                osKernelStart
 .text.osThreadNew
                0x000000000800c9b8      0x124 ./Middlewares/Third_Party/FreeRTOS/Source/CMSIS_RTOS_V2/cmsis_os2.o
                0x000000000800c9b8                osThreadNew
 .text.osDelay  0x000000000800cadc       0x36 ./Middlewares/Third_Party/FreeRTOS/Source/CMSIS_RTOS_V2/cmsis_os2.o
                0x000000000800cadc                osDelay
 *fill*         0x000000000800cb12        0x2 
 .text.vApplicationGetIdleTaskMemory
                0x000000000800cb14       0x34 ./Middlewares/Third_Party/FreeRTOS/Source/CMSIS_RTOS_V2/cmsis_os2.o
                0x000000000800cb14                vApplicationGetIdleTaskMemory
 .text.vApplicationGetTimerTaskMemory
                0x000000000800cb48       0x34 ./Middlewares/Third_Party/FreeRTOS/Source/CMSIS_RTOS_V2/cmsis_os2.o
                0x000000000800cb48                vApplicationGetTimerTaskMemory
 .text.vListInitialise
                0x000000000800cb7c       0x40 ./Middlewares/Third_Party/FreeRTOS/Source/list.o
                0x000000000800cb7c                vListInitialise
 .text.vListInitialiseItem
                0x000000000800cbbc       0x1a ./Middlewares/Third_Party/FreeRTOS/Source/list.o
                0x000000000800cbbc                vListInitialiseItem
 .text.vListInsertEnd
                0x000000000800cbd6       0x48 ./Middlewares/Third_Party/FreeRTOS/Source/list.o
                0x000000000800cbd6                vListInsertEnd
 .text.vListInsert
                0x000000000800cc1e       0x72 ./Middlewares/Third_Party/FreeRTOS/Source/list.o
                0x000000000800cc1e                vListInsert
 .text.uxListRemove
                0x000000000800cc90       0x54 ./Middlewares/Third_Party/FreeRTOS/Source/list.o
                0x000000000800cc90                uxListRemove
 .text.xQueueGenericReset
                0x000000000800cce4       0xd0 ./Middlewares/Third_Party/FreeRTOS/Source/queue.o
                0x000000000800cce4                xQueueGenericReset
 .text.xQueueGenericCreateStatic
                0x000000000800cdb4       0xf0 ./Middlewares/Third_Party/FreeRTOS/Source/queue.o
                0x000000000800cdb4                xQueueGenericCreateStatic
 .text.prvInitialiseNewQueue
                0x000000000800cea4       0x46 ./Middlewares/Third_Party/FreeRTOS/Source/queue.o
 *fill*         0x000000000800ceea        0x2 
 .text.xQueueGenericSend
                0x000000000800ceec      0x1fc ./Middlewares/Third_Party/FreeRTOS/Source/queue.o
                0x000000000800ceec                xQueueGenericSend
 .text.xQueueGenericSendFromISR
                0x000000000800d0e8      0x136 ./Middlewares/Third_Party/FreeRTOS/Source/queue.o
                0x000000000800d0e8                xQueueGenericSendFromISR
 *fill*         0x000000000800d21e        0x2 
 .text.xQueueReceive
                0x000000000800d220      0x1c0 ./Middlewares/Third_Party/FreeRTOS/Source/queue.o
                0x000000000800d220                xQueueReceive
 .text.prvCopyDataToQueue
                0x000000000800d3e0       0xd4 ./Middlewares/Third_Party/FreeRTOS/Source/queue.o
 .text.prvCopyDataFromQueue
                0x000000000800d4b4       0x4c ./Middlewares/Third_Party/FreeRTOS/Source/queue.o
 .text.prvUnlockQueue
                0x000000000800d500       0xa4 ./Middlewares/Third_Party/FreeRTOS/Source/queue.o
 .text.prvIsQueueEmpty
                0x000000000800d5a4       0x2c ./Middlewares/Third_Party/FreeRTOS/Source/queue.o
 .text.prvIsQueueFull
                0x000000000800d5d0       0x30 ./Middlewares/Third_Party/FreeRTOS/Source/queue.o
 .text.vQueueAddToRegistry
                0x000000000800d600       0x54 ./Middlewares/Third_Party/FreeRTOS/Source/queue.o
                0x000000000800d600                vQueueAddToRegistry
 .text.vQueueWaitForMessageRestricted
                0x000000000800d654       0x68 ./Middlewares/Third_Party/FreeRTOS/Source/queue.o
                0x000000000800d654                vQueueWaitForMessageRestricted
 .text.xTaskCreateStatic
                0x000000000800d6bc       0xba ./Middlewares/Third_Party/FreeRTOS/Source/tasks.o
                0x000000000800d6bc                xTaskCreateStatic
 .text.xTaskCreate
                0x000000000800d776       0x8a ./Middlewares/Third_Party/FreeRTOS/Source/tasks.o
                0x000000000800d776                xTaskCreate
 .text.prvInitialiseNewTask
                0x000000000800d800      0x14c ./Middlewares/Third_Party/FreeRTOS/Source/tasks.o
 .text.prvAddNewTaskToReadyList
                0x000000000800d94c       0xe0 ./Middlewares/Third_Party/FreeRTOS/Source/tasks.o
 .text.vTaskDelay
                0x000000000800da2c       0x68 ./Middlewares/Third_Party/FreeRTOS/Source/tasks.o
                0x000000000800da2c                vTaskDelay
 .text.vTaskStartScheduler
                0x000000000800da94       0xe0 ./Middlewares/Third_Party/FreeRTOS/Source/tasks.o
                0x000000000800da94                vTaskStartScheduler
 .text.vTaskSuspendAll
                0x000000000800db74       0x1c ./Middlewares/Third_Party/FreeRTOS/Source/tasks.o
                0x000000000800db74                vTaskSuspendAll
 .text.xTaskResumeAll
                0x000000000800db90      0x13c ./Middlewares/Third_Party/FreeRTOS/Source/tasks.o
                0x000000000800db90                xTaskResumeAll
 .text.xTaskGetTickCount
                0x000000000800dccc       0x20 ./Middlewares/Third_Party/FreeRTOS/Source/tasks.o
                0x000000000800dccc                xTaskGetTickCount
 .text.xTaskIncrementTick
                0x000000000800dcec      0x174 ./Middlewares/Third_Party/FreeRTOS/Source/tasks.o
                0x000000000800dcec                xTaskIncrementTick
 .text.vTaskSwitchContext
                0x000000000800de60       0xc8 ./Middlewares/Third_Party/FreeRTOS/Source/tasks.o
                0x000000000800de60                vTaskSwitchContext
 .text.vTaskPlaceOnEventList
                0x000000000800df28       0x48 ./Middlewares/Third_Party/FreeRTOS/Source/tasks.o
                0x000000000800df28                vTaskPlaceOnEventList
 .text.vTaskPlaceOnEventListRestricted
                0x000000000800df70       0x58 ./Middlewares/Third_Party/FreeRTOS/Source/tasks.o
                0x000000000800df70                vTaskPlaceOnEventListRestricted
 .text.xTaskRemoveFromEventList
                0x000000000800dfc8       0xc8 ./Middlewares/Third_Party/FreeRTOS/Source/tasks.o
                0x000000000800dfc8                xTaskRemoveFromEventList
 .text.vTaskInternalSetTimeOutState
                0x000000000800e090       0x2c ./Middlewares/Third_Party/FreeRTOS/Source/tasks.o
                0x000000000800e090                vTaskInternalSetTimeOutState
 .text.xTaskCheckForTimeOut
                0x000000000800e0bc       0xc4 ./Middlewares/Third_Party/FreeRTOS/Source/tasks.o
                0x000000000800e0bc                xTaskCheckForTimeOut
 .text.vTaskMissedYield
                0x000000000800e180       0x18 ./Middlewares/Third_Party/FreeRTOS/Source/tasks.o
                0x000000000800e180                vTaskMissedYield
 .text.prvIdleTask
                0x000000000800e198       0x30 ./Middlewares/Third_Party/FreeRTOS/Source/tasks.o
 .text.prvInitialiseTaskLists
                0x000000000800e1c8       0x80 ./Middlewares/Third_Party/FreeRTOS/Source/tasks.o
 .text.prvCheckTasksWaitingTermination
                0x000000000800e248       0x5c ./Middlewares/Third_Party/FreeRTOS/Source/tasks.o
 .text.prvDeleteTCB
                0x000000000800e2a4       0x68 ./Middlewares/Third_Party/FreeRTOS/Source/tasks.o
 .text.prvResetNextTaskUnblockTime
                0x000000000800e30c       0x40 ./Middlewares/Third_Party/FreeRTOS/Source/tasks.o
 .text.xTaskGetSchedulerState
                0x000000000800e34c       0x3c ./Middlewares/Third_Party/FreeRTOS/Source/tasks.o
                0x000000000800e34c                xTaskGetSchedulerState
 .text.xTaskPriorityDisinherit
                0x000000000800e388       0xdc ./Middlewares/Third_Party/FreeRTOS/Source/tasks.o
                0x000000000800e388                xTaskPriorityDisinherit
 .text.prvAddCurrentTaskToDelayedList
                0x000000000800e464       0xa8 ./Middlewares/Third_Party/FreeRTOS/Source/tasks.o
 .text.xTimerCreateTimerTask
                0x000000000800e50c       0x90 ./Middlewares/Third_Party/FreeRTOS/Source/timers.o
                0x000000000800e50c                xTimerCreateTimerTask
 .text.xTimerGenericCommand
                0x000000000800e59c       0x9c ./Middlewares/Third_Party/FreeRTOS/Source/timers.o
                0x000000000800e59c                xTimerGenericCommand
 .text.prvProcessExpiredTimer
                0x000000000800e638       0x98 ./Middlewares/Third_Party/FreeRTOS/Source/timers.o
 .text.prvTimerTask
                0x000000000800e6d0       0x24 ./Middlewares/Third_Party/FreeRTOS/Source/timers.o
 .text.prvProcessTimerOrBlockTask
                0x000000000800e6f4       0x9c ./Middlewares/Third_Party/FreeRTOS/Source/timers.o
 .text.prvGetNextExpireTime
                0x000000000800e790       0x48 ./Middlewares/Third_Party/FreeRTOS/Source/timers.o
 .text.prvSampleTimeNow
                0x000000000800e7d8       0x40 ./Middlewares/Third_Party/FreeRTOS/Source/timers.o
 .text.prvInsertTimerInActiveList
                0x000000000800e818       0x84 ./Middlewares/Third_Party/FreeRTOS/Source/timers.o
 .text.prvProcessReceivedCommands
                0x000000000800e89c      0x1c4 ./Middlewares/Third_Party/FreeRTOS/Source/timers.o
 .text.prvSwitchTimerLists
                0x000000000800ea60       0xc8 ./Middlewares/Third_Party/FreeRTOS/Source/timers.o
 .text.prvCheckForValidListAndQueue
                0x000000000800eb28       0x80 ./Middlewares/Third_Party/FreeRTOS/Source/timers.o
 .text.pxPortInitialiseStack
                0x000000000800eba8       0x68 ./Middlewares/Third_Party/FreeRTOS/Source/portable/GCC/ARM_CM4F/port.o
                0x000000000800eba8                pxPortInitialiseStack
 .text.prvTaskExitError
                0x000000000800ec10       0x58 ./Middlewares/Third_Party/FreeRTOS/Source/portable/GCC/ARM_CM4F/port.o
 *fill*         0x000000000800ec68        0x8 
 .text.SVC_Handler
                0x000000000800ec70       0x28 ./Middlewares/Third_Party/FreeRTOS/Source/portable/GCC/ARM_CM4F/port.o
                0x000000000800ec70                SVC_Handler
 .text.prvPortStartFirstTask
                0x000000000800ec98       0x28 ./Middlewares/Third_Party/FreeRTOS/Source/portable/GCC/ARM_CM4F/port.o
 .text.xPortStartScheduler
                0x000000000800ecc0      0x144 ./Middlewares/Third_Party/FreeRTOS/Source/portable/GCC/ARM_CM4F/port.o
                0x000000000800ecc0                xPortStartScheduler
 .text.vPortEnterCritical
                0x000000000800ee04       0x60 ./Middlewares/Third_Party/FreeRTOS/Source/portable/GCC/ARM_CM4F/port.o
                0x000000000800ee04                vPortEnterCritical
 .text.vPortExitCritical
                0x000000000800ee64       0x54 ./Middlewares/Third_Party/FreeRTOS/Source/portable/GCC/ARM_CM4F/port.o
                0x000000000800ee64                vPortExitCritical
 *fill*         0x000000000800eeb8        0x8 
 .text.PendSV_Handler
                0x000000000800eec0       0x68 ./Middlewares/Third_Party/FreeRTOS/Source/portable/GCC/ARM_CM4F/port.o
                0x000000000800eec0                PendSV_Handler
 .text.xPortSysTickHandler
                0x000000000800ef28       0x44 ./Middlewares/Third_Party/FreeRTOS/Source/portable/GCC/ARM_CM4F/port.o
                0x000000000800ef28                xPortSysTickHandler
 .text.vPortSetupTimerInterrupt
                0x000000000800ef6c       0x48 ./Middlewares/Third_Party/FreeRTOS/Source/portable/GCC/ARM_CM4F/port.o
                0x000000000800ef6c                vPortSetupTimerInterrupt
 .text.vPortEnableVFP
                0x000000000800efb4       0x14 ./Middlewares/Third_Party/FreeRTOS/Source/portable/GCC/ARM_CM4F/port.o
 .text.vPortValidateInterruptPriority
                0x000000000800efc8       0x80 ./Middlewares/Third_Party/FreeRTOS/Source/portable/GCC/ARM_CM4F/port.o
                0x000000000800efc8                vPortValidateInterruptPriority
 .text.pvPortMalloc
                0x000000000800f048      0x198 ./Middlewares/Third_Party/FreeRTOS/Source/portable/MemMang/heap_4.o
                0x000000000800f048                pvPortMalloc
 .text.vPortFree
                0x000000000800f1e0       0xc4 ./Middlewares/Third_Party/FreeRTOS/Source/portable/MemMang/heap_4.o
                0x000000000800f1e0                vPortFree
 .text.prvHeapInit
                0x000000000800f2a4       0xc4 ./Middlewares/Third_Party/FreeRTOS/Source/portable/MemMang/heap_4.o
 .text.prvInsertBlockIntoFreeList
                0x000000000800f368       0xb4 ./Middlewares/Third_Party/FreeRTOS/Source/portable/MemMang/heap_4.o
 .text.__errno  0x000000000800f41c        0xc c:/st/stm32cubeide_1.8.0/stm32cubeide/plugins/com.st.stm32cube.ide.mcu.externaltools.gnu-tools-for-stm32.9-2020-q2-update.win32_2.0.0.202105311346/tools/bin/../lib/gcc/arm-none-eabi/9.3.1/../../../../arm-none-eabi/lib/thumb/v7e-m+fp/hard\libc_nano.a(lib_a-errno.o)
                0x000000000800f41c                __errno
 .text.std      0x000000000800f428       0x48 c:/st/stm32cubeide_1.8.0/stm32cubeide/plugins/com.st.stm32cube.ide.mcu.externaltools.gnu-tools-for-stm32.9-2020-q2-update.win32_2.0.0.202105311346/tools/bin/../lib/gcc/arm-none-eabi/9.3.1/../../../../arm-none-eabi/lib/thumb/v7e-m+fp/hard\libc_nano.a(lib_a-findfp.o)
 .text._cleanup_r
                0x000000000800f470        0xc c:/st/stm32cubeide_1.8.0/stm32cubeide/plugins/com.st.stm32cube.ide.mcu.externaltools.gnu-tools-for-stm32.9-2020-q2-update.win32_2.0.0.202105311346/tools/bin/../lib/gcc/arm-none-eabi/9.3.1/../../../../arm-none-eabi/lib/thumb/v7e-m+fp/hard\libc_nano.a(lib_a-findfp.o)
                0x000000000800f470                _cleanup_r
 .text.__sfmoreglue
                0x000000000800f47c       0x2c c:/st/stm32cubeide_1.8.0/stm32cubeide/plugins/com.st.stm32cube.ide.mcu.externaltools.gnu-tools-for-stm32.9-2020-q2-update.win32_2.0.0.202105311346/tools/bin/../lib/gcc/arm-none-eabi/9.3.1/../../../../arm-none-eabi/lib/thumb/v7e-m+fp/hard\libc_nano.a(lib_a-findfp.o)
                0x000000000800f47c                __sfmoreglue
 .text.__sfp_lock_acquire
                0x000000000800f4a8        0xc c:/st/stm32cubeide_1.8.0/stm32cubeide/plugins/com.st.stm32cube.ide.mcu.externaltools.gnu-tools-for-stm32.9-2020-q2-update.win32_2.0.0.202105311346/tools/bin/../lib/gcc/arm-none-eabi/9.3.1/../../../../arm-none-eabi/lib/thumb/v7e-m+fp/hard\libc_nano.a(lib_a-findfp.o)
                0x000000000800f4a8                __sfp_lock_acquire
 .text.__sfp_lock_release
                0x000000000800f4b4        0xc c:/st/stm32cubeide_1.8.0/stm32cubeide/plugins/com.st.stm32cube.ide.mcu.externaltools.gnu-tools-for-stm32.9-2020-q2-update.win32_2.0.0.202105311346/tools/bin/../lib/gcc/arm-none-eabi/9.3.1/../../../../arm-none-eabi/lib/thumb/v7e-m+fp/hard\libc_nano.a(lib_a-findfp.o)
                0x000000000800f4b4                __sfp_lock_release
 .text.__sinit_lock_acquire
                0x000000000800f4c0        0xc c:/st/stm32cubeide_1.8.0/stm32cubeide/plugins/com.st.stm32cube.ide.mcu.externaltools.gnu-tools-for-stm32.9-2020-q2-update.win32_2.0.0.202105311346/tools/bin/../lib/gcc/arm-none-eabi/9.3.1/../../../../arm-none-eabi/lib/thumb/v7e-m+fp/hard\libc_nano.a(lib_a-findfp.o)
                0x000000000800f4c0                __sinit_lock_acquire
 .text.__sinit_lock_release
                0x000000000800f4cc        0xc c:/st/stm32cubeide_1.8.0/stm32cubeide/plugins/com.st.stm32cube.ide.mcu.externaltools.gnu-tools-for-stm32.9-2020-q2-update.win32_2.0.0.202105311346/tools/bin/../lib/gcc/arm-none-eabi/9.3.1/../../../../arm-none-eabi/lib/thumb/v7e-m+fp/hard\libc_nano.a(lib_a-findfp.o)
                0x000000000800f4cc                __sinit_lock_release
 .text.__sinit  0x000000000800f4d8       0x70 c:/st/stm32cubeide_1.8.0/stm32cubeide/plugins/com.st.stm32cube.ide.mcu.externaltools.gnu-tools-for-stm32.9-2020-q2-update.win32_2.0.0.202105311346/tools/bin/../lib/gcc/arm-none-eabi/9.3.1/../../../../arm-none-eabi/lib/thumb/v7e-m+fp/hard\libc_nano.a(lib_a-findfp.o)
                0x000000000800f4d8                __sinit
 .text.__sfp    0x000000000800f548       0x8c c:/st/stm32cubeide_1.8.0/stm32cubeide/plugins/com.st.stm32cube.ide.mcu.externaltools.gnu-tools-for-stm32.9-2020-q2-update.win32_2.0.0.202105311346/tools/bin/../lib/gcc/arm-none-eabi/9.3.1/../../../../arm-none-eabi/lib/thumb/v7e-m+fp/hard\libc_nano.a(lib_a-findfp.o)
                0x000000000800f548                __sfp
 .text._fwalk_reent
                0x000000000800f5d4       0x3e c:/st/stm32cubeide_1.8.0/stm32cubeide/plugins/com.st.stm32cube.ide.mcu.externaltools.gnu-tools-for-stm32.9-2020-q2-update.win32_2.0.0.202105311346/tools/bin/../lib/gcc/arm-none-eabi/9.3.1/../../../../arm-none-eabi/lib/thumb/v7e-m+fp/hard\libc_nano.a(lib_a-fwalk.o)
                0x000000000800f5d4                _fwalk_reent
 *fill*         0x000000000800f612        0x2 
 .text.__libc_init_array
                0x000000000800f614       0x48 c:/st/stm32cubeide_1.8.0/stm32cubeide/plugins/com.st.stm32cube.ide.mcu.externaltools.gnu-tools-for-stm32.9-2020-q2-update.win32_2.0.0.202105311346/tools/bin/../lib/gcc/arm-none-eabi/9.3.1/../../../../arm-none-eabi/lib/thumb/v7e-m+fp/hard\libc_nano.a(lib_a-init.o)
                0x000000000800f614                __libc_init_array
 .text.__retarget_lock_init_recursive
                0x000000000800f65c        0x2 c:/st/stm32cubeide_1.8.0/stm32cubeide/plugins/com.st.stm32cube.ide.mcu.externaltools.gnu-tools-for-stm32.9-2020-q2-update.win32_2.0.0.202105311346/tools/bin/../lib/gcc/arm-none-eabi/9.3.1/../../../../arm-none-eabi/lib/thumb/v7e-m+fp/hard\libc_nano.a(lib_a-lock.o)
                0x000000000800f65c                __retarget_lock_init_recursive
 .text.__retarget_lock_acquire_recursive
                0x000000000800f65e        0x2 c:/st/stm32cubeide_1.8.0/stm32cubeide/plugins/com.st.stm32cube.ide.mcu.externaltools.gnu-tools-for-stm32.9-2020-q2-update.win32_2.0.0.202105311346/tools/bin/../lib/gcc/arm-none-eabi/9.3.1/../../../../arm-none-eabi/lib/thumb/v7e-m+fp/hard\libc_nano.a(lib_a-lock.o)
                0x000000000800f65e                __retarget_lock_acquire_recursive
 .text.__retarget_lock_release_recursive
                0x000000000800f660        0x2 c:/st/stm32cubeide_1.8.0/stm32cubeide/plugins/com.st.stm32cube.ide.mcu.externaltools.gnu-tools-for-stm32.9-2020-q2-update.win32_2.0.0.202105311346/tools/bin/../lib/gcc/arm-none-eabi/9.3.1/../../../../arm-none-eabi/lib/thumb/v7e-m+fp/hard\libc_nano.a(lib_a-lock.o)
                0x000000000800f660                __retarget_lock_release_recursive
 .text.memcpy   0x000000000800f662       0x1c c:/st/stm32cubeide_1.8.0/stm32cubeide/plugins/com.st.stm32cube.ide.mcu.externaltools.gnu-tools-for-stm32.9-2020-q2-update.win32_2.0.0.202105311346/tools/bin/../lib/gcc/arm-none-eabi/9.3.1/../../../../arm-none-eabi/lib/thumb/v7e-m+fp/hard\libc_nano.a(lib_a-memcpy-stub.o)
                0x000000000800f662                memcpy
 .text.memset   0x000000000800f67e       0x10 c:/st/stm32cubeide_1.8.0/stm32cubeide/plugins/com.st.stm32cube.ide.mcu.externaltools.gnu-tools-for-stm32.9-2020-q2-update.win32_2.0.0.202105311346/tools/bin/../lib/gcc/arm-none-eabi/9.3.1/../../../../arm-none-eabi/lib/thumb/v7e-m+fp/hard\libc_nano.a(lib_a-memset.o)
                0x000000000800f67e                memset
 *fill*         0x000000000800f68e        0x2 
 .text._malloc_r
                0x000000000800f690       0xb4 c:/st/stm32cubeide_1.8.0/stm32cubeide/plugins/com.st.stm32cube.ide.mcu.externaltools.gnu-tools-for-stm32.9-2020-q2-update.win32_2.0.0.202105311346/tools/bin/../lib/gcc/arm-none-eabi/9.3.1/../../../../arm-none-eabi/lib/thumb/v7e-m+fp/hard\libc_nano.a(lib_a-nano-mallocr.o)
                0x000000000800f690                _malloc_r
 .text.__cvt    0x000000000800f744       0xc4 c:/st/stm32cubeide_1.8.0/stm32cubeide/plugins/com.st.stm32cube.ide.mcu.externaltools.gnu-tools-for-stm32.9-2020-q2-update.win32_2.0.0.202105311346/tools/bin/../lib/gcc/arm-none-eabi/9.3.1/../../../../arm-none-eabi/lib/thumb/v7e-m+fp/hard\libc_nano.a(lib_a-nano-vfprintf_float.o)
                0x000000000800f744                __cvt
 .text.__exponent
                0x000000000800f808       0x7c c:/st/stm32cubeide_1.8.0/stm32cubeide/plugins/com.st.stm32cube.ide.mcu.externaltools.gnu-tools-for-stm32.9-2020-q2-update.win32_2.0.0.202105311346/tools/bin/../lib/gcc/arm-none-eabi/9.3.1/../../../../arm-none-eabi/lib/thumb/v7e-m+fp/hard\libc_nano.a(lib_a-nano-vfprintf_float.o)
                0x000000000800f808                __exponent
 .text._printf_float
                0x000000000800f884      0x46c c:/st/stm32cubeide_1.8.0/stm32cubeide/plugins/com.st.stm32cube.ide.mcu.externaltools.gnu-tools-for-stm32.9-2020-q2-update.win32_2.0.0.202105311346/tools/bin/../lib/gcc/arm-none-eabi/9.3.1/../../../../arm-none-eabi/lib/thumb/v7e-m+fp/hard\libc_nano.a(lib_a-nano-vfprintf_float.o)
                0x000000000800f884                _printf_float
 .text._printf_common
                0x000000000800fcf0       0xda c:/st/stm32cubeide_1.8.0/stm32cubeide/plugins/com.st.stm32cube.ide.mcu.externaltools.gnu-tools-for-stm32.9-2020-q2-update.win32_2.0.0.202105311346/tools/bin/../lib/gcc/arm-none-eabi/9.3.1/../../../../arm-none-eabi/lib/thumb/v7e-m+fp/hard\libc_nano.a(lib_a-nano-vfprintf_i.o)
                0x000000000800fcf0                _printf_common
 *fill*         0x000000000800fdca        0x2 
 .text._printf_i
                0x000000000800fdcc      0x24c c:/st/stm32cubeide_1.8.0/stm32cubeide/plugins/com.st.stm32cube.ide.mcu.externaltools.gnu-tools-for-stm32.9-2020-q2-update.win32_2.0.0.202105311346/tools/bin/../lib/gcc/arm-none-eabi/9.3.1/../../../../arm-none-eabi/lib/thumb/v7e-m+fp/hard\libc_nano.a(lib_a-nano-vfprintf_i.o)
                0x000000000800fdcc                _printf_i
 .text._scanf_float
                0x0000000008010018      0x420 c:/st/stm32cubeide_1.8.0/stm32cubeide/plugins/com.st.stm32cube.ide.mcu.externaltools.gnu-tools-for-stm32.9-2020-q2-update.win32_2.0.0.202105311346/tools/bin/../lib/gcc/arm-none-eabi/9.3.1/../../../../arm-none-eabi/lib/thumb/v7e-m+fp/hard\libc_nano.a(lib_a-nano-vfscanf_float.o)
                0x0000000008010018                _scanf_float
 .text._puts_r  0x0000000008010438       0xdc c:/st/stm32cubeide_1.8.0/stm32cubeide/plugins/com.st.stm32cube.ide.mcu.externaltools.gnu-tools-for-stm32.9-2020-q2-update.win32_2.0.0.202105311346/tools/bin/../lib/gcc/arm-none-eabi/9.3.1/../../../../arm-none-eabi/lib/thumb/v7e-m+fp/hard\libc_nano.a(lib_a-puts.o)
                0x0000000008010438                _puts_r
 .text.puts     0x0000000008010514       0x10 c:/st/stm32cubeide_1.8.0/stm32cubeide/plugins/com.st.stm32cube.ide.mcu.externaltools.gnu-tools-for-stm32.9-2020-q2-update.win32_2.0.0.202105311346/tools/bin/../lib/gcc/arm-none-eabi/9.3.1/../../../../arm-none-eabi/lib/thumb/v7e-m+fp/hard\libc_nano.a(lib_a-puts.o)
                0x0000000008010514                puts
 .text.cleanup_glue
                0x0000000008010524       0x1a c:/st/stm32cubeide_1.8.0/stm32cubeide/plugins/com.st.stm32cube.ide.mcu.externaltools.gnu-tools-for-stm32.9-2020-q2-update.win32_2.0.0.202105311346/tools/bin/../lib/gcc/arm-none-eabi/9.3.1/../../../../arm-none-eabi/lib/thumb/v7e-m+fp/hard\libc_nano.a(lib_a-reent.o)
                0x0000000008010524                cleanup_glue
 *fill*         0x000000000801053e        0x2 
 .text._reclaim_reent
                0x0000000008010540       0xb8 c:/st/stm32cubeide_1.8.0/stm32cubeide/plugins/com.st.stm32cube.ide.mcu.externaltools.gnu-tools-for-stm32.9-2020-q2-update.win32_2.0.0.202105311346/tools/bin/../lib/gcc/arm-none-eabi/9.3.1/../../../../arm-none-eabi/lib/thumb/v7e-m+fp/hard\libc_nano.a(lib_a-reent.o)
                0x0000000008010540                _reclaim_reent
 .text._sbrk_r  0x00000000080105f8       0x20 c:/st/stm32cubeide_1.8.0/stm32cubeide/plugins/com.st.stm32cube.ide.mcu.externaltools.gnu-tools-for-stm32.9-2020-q2-update.win32_2.0.0.202105311346/tools/bin/../lib/gcc/arm-none-eabi/9.3.1/../../../../arm-none-eabi/lib/thumb/v7e-m+fp/hard\libc_nano.a(lib_a-sbrkr.o)
                0x00000000080105f8                _sbrk_r
 .text.nanf     0x0000000008010618        0xc c:/st/stm32cubeide_1.8.0/stm32cubeide/plugins/com.st.stm32cube.ide.mcu.externaltools.gnu-tools-for-stm32.9-2020-q2-update.win32_2.0.0.202105311346/tools/bin/../lib/gcc/arm-none-eabi/9.3.1/../../../../arm-none-eabi/lib/thumb/v7e-m+fp/hard\libc_nano.a(lib_a-sf_nan.o)
                0x0000000008010618                nanf
 .text.sprintf  0x0000000008010624       0x40 c:/st/stm32cubeide_1.8.0/stm32cubeide/plugins/com.st.stm32cube.ide.mcu.externaltools.gnu-tools-for-stm32.9-2020-q2-update.win32_2.0.0.202105311346/tools/bin/../lib/gcc/arm-none-eabi/9.3.1/../../../../arm-none-eabi/lib/thumb/v7e-m+fp/hard\libc_nano.a(lib_a-sprintf.o)
                0x0000000008010624                siprintf
                0x0000000008010624                sprintf
 .text.__sread  0x0000000008010664       0x22 c:/st/stm32cubeide_1.8.0/stm32cubeide/plugins/com.st.stm32cube.ide.mcu.externaltools.gnu-tools-for-stm32.9-2020-q2-update.win32_2.0.0.202105311346/tools/bin/../lib/gcc/arm-none-eabi/9.3.1/../../../../arm-none-eabi/lib/thumb/v7e-m+fp/hard\libc_nano.a(lib_a-stdio.o)
                0x0000000008010664                __sread
 .text.__swrite
                0x0000000008010686       0x38 c:/st/stm32cubeide_1.8.0/stm32cubeide/plugins/com.st.stm32cube.ide.mcu.externaltools.gnu-tools-for-stm32.9-2020-q2-update.win32_2.0.0.202105311346/tools/bin/../lib/gcc/arm-none-eabi/9.3.1/../../../../arm-none-eabi/lib/thumb/v7e-m+fp/hard\libc_nano.a(lib_a-stdio.o)
                0x0000000008010686                __swrite
 .text.__sseek  0x00000000080106be       0x24 c:/st/stm32cubeide_1.8.0/stm32cubeide/plugins/com.st.stm32cube.ide.mcu.externaltools.gnu-tools-for-stm32.9-2020-q2-update.win32_2.0.0.202105311346/tools/bin/../lib/gcc/arm-none-eabi/9.3.1/../../../../arm-none-eabi/lib/thumb/v7e-m+fp/hard\libc_nano.a(lib_a-stdio.o)
                0x00000000080106be                __sseek
 .text.__sclose
                0x00000000080106e2        0x8 c:/st/stm32cubeide_1.8.0/stm32cubeide/plugins/com.st.stm32cube.ide.mcu.externaltools.gnu-tools-for-stm32.9-2020-q2-update.win32_2.0.0.202105311346/tools/bin/../lib/gcc/arm-none-eabi/9.3.1/../../../../arm-none-eabi/lib/thumb/v7e-m+fp/hard\libc_nano.a(lib_a-stdio.o)
                0x00000000080106e2                __sclose
 .text.sulp     0x00000000080106ea       0x38 c:/st/stm32cubeide_1.8.0/stm32cubeide/plugins/com.st.stm32cube.ide.mcu.externaltools.gnu-tools-for-stm32.9-2020-q2-update.win32_2.0.0.202105311346/tools/bin/../lib/gcc/arm-none-eabi/9.3.1/../../../../arm-none-eabi/lib/thumb/v7e-m+fp/hard\libc_nano.a(lib_a-strtod.o)
 *fill*         0x0000000008010722        0x6 
 .text._strtod_l
                0x0000000008010728      0xc14 c:/st/stm32cubeide_1.8.0/stm32cubeide/plugins/com.st.stm32cube.ide.mcu.externaltools.gnu-tools-for-stm32.9-2020-q2-update.win32_2.0.0.202105311346/tools/bin/../lib/gcc/arm-none-eabi/9.3.1/../../../../arm-none-eabi/lib/thumb/v7e-m+fp/hard\libc_nano.a(lib_a-strtod.o)
                0x0000000008010728                _strtod_l
 .text._strtod_r
                0x000000000801133c        0xc c:/st/stm32cubeide_1.8.0/stm32cubeide/plugins/com.st.stm32cube.ide.mcu.externaltools.gnu-tools-for-stm32.9-2020-q2-update.win32_2.0.0.202105311346/tools/bin/../lib/gcc/arm-none-eabi/9.3.1/../../../../arm-none-eabi/lib/thumb/v7e-m+fp/hard\libc_nano.a(lib_a-strtod.o)
                0x000000000801133c                _strtod_r
 .text._strtol_l.isra.0
                0x0000000008011348      0x108 c:/st/stm32cubeide_1.8.0/stm32cubeide/plugins/com.st.stm32cube.ide.mcu.externaltools.gnu-tools-for-stm32.9-2020-q2-update.win32_2.0.0.202105311346/tools/bin/../lib/gcc/arm-none-eabi/9.3.1/../../../../arm-none-eabi/lib/thumb/v7e-m+fp/hard\libc_nano.a(lib_a-strtol.o)
 .text._strtol_r
                0x0000000008011450        0x4 c:/st/stm32cubeide_1.8.0/stm32cubeide/plugins/com.st.stm32cube.ide.mcu.externaltools.gnu-tools-for-stm32.9-2020-q2-update.win32_2.0.0.202105311346/tools/bin/../lib/gcc/arm-none-eabi/9.3.1/../../../../arm-none-eabi/lib/thumb/v7e-m+fp/hard\libc_nano.a(lib_a-strtol.o)
                0x0000000008011450                _strtol_r
 .text.__swbuf_r
                0x0000000008011454       0xa4 c:/st/stm32cubeide_1.8.0/stm32cubeide/plugins/com.st.stm32cube.ide.mcu.externaltools.gnu-tools-for-stm32.9-2020-q2-update.win32_2.0.0.202105311346/tools/bin/../lib/gcc/arm-none-eabi/9.3.1/../../../../arm-none-eabi/lib/thumb/v7e-m+fp/hard\libc_nano.a(lib_a-wbuf.o)
                0x0000000008011454                __swbuf_r
 .text._write_r
                0x00000000080114f8       0x24 c:/st/stm32cubeide_1.8.0/stm32cubeide/plugins/com.st.stm32cube.ide.mcu.externaltools.gnu-tools-for-stm32.9-2020-q2-update.win32_2.0.0.202105311346/tools/bin/../lib/gcc/arm-none-eabi/9.3.1/../../../../arm-none-eabi/lib/thumb/v7e-m+fp/hard\libc_nano.a(lib_a-writer.o)
                0x00000000080114f8                _write_r
 .text.__swsetup_r
                0x000000000801151c       0xdc c:/st/stm32cubeide_1.8.0/stm32cubeide/plugins/com.st.stm32cube.ide.mcu.externaltools.gnu-tools-for-stm32.9-2020-q2-update.win32_2.0.0.202105311346/tools/bin/../lib/gcc/arm-none-eabi/9.3.1/../../../../arm-none-eabi/lib/thumb/v7e-m+fp/hard\libc_nano.a(lib_a-wsetup.o)
                0x000000000801151c                __swsetup_r
 .text._close_r
                0x00000000080115f8       0x20 c:/st/stm32cubeide_1.8.0/stm32cubeide/plugins/com.st.stm32cube.ide.mcu.externaltools.gnu-tools-for-stm32.9-2020-q2-update.win32_2.0.0.202105311346/tools/bin/../lib/gcc/arm-none-eabi/9.3.1/../../../../arm-none-eabi/lib/thumb/v7e-m+fp/hard\libc_nano.a(lib_a-closer.o)
                0x00000000080115f8                _close_r
 .text.quorem   0x0000000008011618      0x116 c:/st/stm32cubeide_1.8.0/stm32cubeide/plugins/com.st.stm32cube.ide.mcu.externaltools.gnu-tools-for-stm32.9-2020-q2-update.win32_2.0.0.202105311346/tools/bin/../lib/gcc/arm-none-eabi/9.3.1/../../../../arm-none-eabi/lib/thumb/v7e-m+fp/hard\libc_nano.a(lib_a-dtoa.o)
 *fill*         0x000000000801172e        0x2 
 .text._dtoa_r  0x0000000008011730      0xbd8 c:/st/stm32cubeide_1.8.0/stm32cubeide/plugins/com.st.stm32cube.ide.mcu.externaltools.gnu-tools-for-stm32.9-2020-q2-update.win32_2.0.0.202105311346/tools/bin/../lib/gcc/arm-none-eabi/9.3.1/../../../../arm-none-eabi/lib/thumb/v7e-m+fp/hard\libc_nano.a(lib_a-dtoa.o)
                0x0000000008011730                _dtoa_r
 .text.__sflush_r
                0x0000000008012308      0x10c c:/st/stm32cubeide_1.8.0/stm32cubeide/plugins/com.st.stm32cube.ide.mcu.externaltools.gnu-tools-for-stm32.9-2020-q2-update.win32_2.0.0.202105311346/tools/bin/../lib/gcc/arm-none-eabi/9.3.1/../../../../arm-none-eabi/lib/thumb/v7e-m+fp/hard\libc_nano.a(lib_a-fflush.o)
                0x0000000008012308                __sflush_r
 .text._fflush_r
                0x0000000008012414       0x78 c:/st/stm32cubeide_1.8.0/stm32cubeide/plugins/com.st.stm32cube.ide.mcu.externaltools.gnu-tools-for-stm32.9-2020-q2-update.win32_2.0.0.202105311346/tools/bin/../lib/gcc/arm-none-eabi/9.3.1/../../../../arm-none-eabi/lib/thumb/v7e-m+fp/hard\libc_nano.a(lib_a-fflush.o)
                0x0000000008012414                _fflush_r
 .text.rshift   0x000000000801248c       0xa4 c:/st/stm32cubeide_1.8.0/stm32cubeide/plugins/com.st.stm32cube.ide.mcu.externaltools.gnu-tools-for-stm32.9-2020-q2-update.win32_2.0.0.202105311346/tools/bin/../lib/gcc/arm-none-eabi/9.3.1/../../../../arm-none-eabi/lib/thumb/v7e-m+fp/hard\libc_nano.a(lib_a-gdtoa-gethex.o)
 .text.__hexdig_fun
                0x0000000008012530       0x2a c:/st/stm32cubeide_1.8.0/stm32cubeide/plugins/com.st.stm32cube.ide.mcu.externaltools.gnu-tools-for-stm32.9-2020-q2-update.win32_2.0.0.202105311346/tools/bin/../lib/gcc/arm-none-eabi/9.3.1/../../../../arm-none-eabi/lib/thumb/v7e-m+fp/hard\libc_nano.a(lib_a-gdtoa-gethex.o)
                0x0000000008012530                __hexdig_fun
 *fill*         0x000000000801255a        0x2 
 .text.__gethex
                0x000000000801255c      0x48c c:/st/stm32cubeide_1.8.0/stm32cubeide/plugins/com.st.stm32cube.ide.mcu.externaltools.gnu-tools-for-stm32.9-2020-q2-update.win32_2.0.0.202105311346/tools/bin/../lib/gcc/arm-none-eabi/9.3.1/../../../../arm-none-eabi/lib/thumb/v7e-m+fp/hard\libc_nano.a(lib_a-gdtoa-gethex.o)
                0x000000000801255c                __gethex
 .text.L_shift  0x00000000080129e8       0x24 c:/st/stm32cubeide_1.8.0/stm32cubeide/plugins/com.st.stm32cube.ide.mcu.externaltools.gnu-tools-for-stm32.9-2020-q2-update.win32_2.0.0.202105311346/tools/bin/../lib/gcc/arm-none-eabi/9.3.1/../../../../arm-none-eabi/lib/thumb/v7e-m+fp/hard\libc_nano.a(lib_a-gdtoa-hexnan.o)
 .text.__match  0x0000000008012a0c       0x28 c:/st/stm32cubeide_1.8.0/stm32cubeide/plugins/com.st.stm32cube.ide.mcu.externaltools.gnu-tools-for-stm32.9-2020-q2-update.win32_2.0.0.202105311346/tools/bin/../lib/gcc/arm-none-eabi/9.3.1/../../../../arm-none-eabi/lib/thumb/v7e-m+fp/hard\libc_nano.a(lib_a-gdtoa-hexnan.o)
                0x0000000008012a0c                __match
 .text.__hexnan
                0x0000000008012a34      0x138 c:/st/stm32cubeide_1.8.0/stm32cubeide/plugins/com.st.stm32cube.ide.mcu.externaltools.gnu-tools-for-stm32.9-2020-q2-update.win32_2.0.0.202105311346/tools/bin/../lib/gcc/arm-none-eabi/9.3.1/../../../../arm-none-eabi/lib/thumb/v7e-m+fp/hard\libc_nano.a(lib_a-gdtoa-hexnan.o)
                0x0000000008012a34                __hexnan
 .text._localeconv_r
                0x0000000008012b6c        0x8 c:/st/stm32cubeide_1.8.0/stm32cubeide/plugins/com.st.stm32cube.ide.mcu.externaltools.gnu-tools-for-stm32.9-2020-q2-update.win32_2.0.0.202105311346/tools/bin/../lib/gcc/arm-none-eabi/9.3.1/../../../../arm-none-eabi/lib/thumb/v7e-m+fp/hard\libc_nano.a(lib_a-localeconv.o)
                0x0000000008012b6c                _localeconv_r
 .text._lseek_r
                0x0000000008012b74       0x24 c:/st/stm32cubeide_1.8.0/stm32cubeide/plugins/com.st.stm32cube.ide.mcu.externaltools.gnu-tools-for-stm32.9-2020-q2-update.win32_2.0.0.202105311346/tools/bin/../lib/gcc/arm-none-eabi/9.3.1/../../../../arm-none-eabi/lib/thumb/v7e-m+fp/hard\libc_nano.a(lib_a-lseekr.o)
                0x0000000008012b74                _lseek_r
 .text.__swhatbuf_r
                0x0000000008012b98       0x48 c:/st/stm32cubeide_1.8.0/stm32cubeide/plugins/com.st.stm32cube.ide.mcu.externaltools.gnu-tools-for-stm32.9-2020-q2-update.win32_2.0.0.202105311346/tools/bin/../lib/gcc/arm-none-eabi/9.3.1/../../../../arm-none-eabi/lib/thumb/v7e-m+fp/hard\libc_nano.a(lib_a-makebuf.o)
                0x0000000008012b98                __swhatbuf_r
 .text.__smakebuf_r
                0x0000000008012be0       0x80 c:/st/stm32cubeide_1.8.0/stm32cubeide/plugins/com.st.stm32cube.ide.mcu.externaltools.gnu-tools-for-stm32.9-2020-q2-update.win32_2.0.0.202105311346/tools/bin/../lib/gcc/arm-none-eabi/9.3.1/../../../../arm-none-eabi/lib/thumb/v7e-m+fp/hard\libc_nano.a(lib_a-makebuf.o)
                0x0000000008012be0                __smakebuf_r
 .text.malloc   0x0000000008012c60       0x10 c:/st/stm32cubeide_1.8.0/stm32cubeide/plugins/com.st.stm32cube.ide.mcu.externaltools.gnu-tools-for-stm32.9-2020-q2-update.win32_2.0.0.202105311346/tools/bin/../lib/gcc/arm-none-eabi/9.3.1/../../../../arm-none-eabi/lib/thumb/v7e-m+fp/hard\libc_nano.a(lib_a-malloc.o)
                0x0000000008012c60                malloc
 .text.__ascii_mbtowc
                0x0000000008012c70       0x24 c:/st/stm32cubeide_1.8.0/stm32cubeide/plugins/com.st.stm32cube.ide.mcu.externaltools.gnu-tools-for-stm32.9-2020-q2-update.win32_2.0.0.202105311346/tools/bin/../lib/gcc/arm-none-eabi/9.3.1/../../../../arm-none-eabi/lib/thumb/v7e-m+fp/hard\libc_nano.a(lib_a-mbtowc_r.o)
                0x0000000008012c70                __ascii_mbtowc
 .text.__malloc_lock
                0x0000000008012c94        0xc c:/st/stm32cubeide_1.8.0/stm32cubeide/plugins/com.st.stm32cube.ide.mcu.externaltools.gnu-tools-for-stm32.9-2020-q2-update.win32_2.0.0.202105311346/tools/bin/../lib/gcc/arm-none-eabi/9.3.1/../../../../arm-none-eabi/lib/thumb/v7e-m+fp/hard\libc_nano.a(lib_a-mlock.o)
                0x0000000008012c94                __malloc_lock
 .text.__malloc_unlock
                0x0000000008012ca0        0xc c:/st/stm32cubeide_1.8.0/stm32cubeide/plugins/com.st.stm32cube.ide.mcu.externaltools.gnu-tools-for-stm32.9-2020-q2-update.win32_2.0.0.202105311346/tools/bin/../lib/gcc/arm-none-eabi/9.3.1/../../../../arm-none-eabi/lib/thumb/v7e-m+fp/hard\libc_nano.a(lib_a-mlock.o)
                0x0000000008012ca0                __malloc_unlock
 .text._Balloc  0x0000000008012cac       0x80 c:/st/stm32cubeide_1.8.0/stm32cubeide/plugins/com.st.stm32cube.ide.mcu.externaltools.gnu-tools-for-stm32.9-2020-q2-update.win32_2.0.0.202105311346/tools/bin/../lib/gcc/arm-none-eabi/9.3.1/../../../../arm-none-eabi/lib/thumb/v7e-m+fp/hard\libc_nano.a(lib_a-mprec.o)
                0x0000000008012cac                _Balloc
 .text._Bfree   0x0000000008012d2c       0x44 c:/st/stm32cubeide_1.8.0/stm32cubeide/plugins/com.st.stm32cube.ide.mcu.externaltools.gnu-tools-for-stm32.9-2020-q2-update.win32_2.0.0.202105311346/tools/bin/../lib/gcc/arm-none-eabi/9.3.1/../../../../arm-none-eabi/lib/thumb/v7e-m+fp/hard\libc_nano.a(lib_a-mprec.o)
                0x0000000008012d2c                _Bfree
 .text.__multadd
                0x0000000008012d70       0x94 c:/st/stm32cubeide_1.8.0/stm32cubeide/plugins/com.st.stm32cube.ide.mcu.externaltools.gnu-tools-for-stm32.9-2020-q2-update.win32_2.0.0.202105311346/tools/bin/../lib/gcc/arm-none-eabi/9.3.1/../../../../arm-none-eabi/lib/thumb/v7e-m+fp/hard\libc_nano.a(lib_a-mprec.o)
                0x0000000008012d70                __multadd
 .text.__s2b    0x0000000008012e04       0x94 c:/st/stm32cubeide_1.8.0/stm32cubeide/plugins/com.st.stm32cube.ide.mcu.externaltools.gnu-tools-for-stm32.9-2020-q2-update.win32_2.0.0.202105311346/tools/bin/../lib/gcc/arm-none-eabi/9.3.1/../../../../arm-none-eabi/lib/thumb/v7e-m+fp/hard\libc_nano.a(lib_a-mprec.o)
                0x0000000008012e04                __s2b
 .text.__hi0bits
                0x0000000008012e98       0x40 c:/st/stm32cubeide_1.8.0/stm32cubeide/plugins/com.st.stm32cube.ide.mcu.externaltools.gnu-tools-for-stm32.9-2020-q2-update.win32_2.0.0.202105311346/tools/bin/../lib/gcc/arm-none-eabi/9.3.1/../../../../arm-none-eabi/lib/thumb/v7e-m+fp/hard\libc_nano.a(lib_a-mprec.o)
                0x0000000008012e98                __hi0bits
 .text.__lo0bits
                0x0000000008012ed8       0x60 c:/st/stm32cubeide_1.8.0/stm32cubeide/plugins/com.st.stm32cube.ide.mcu.externaltools.gnu-tools-for-stm32.9-2020-q2-update.win32_2.0.0.202105311346/tools/bin/../lib/gcc/arm-none-eabi/9.3.1/../../../../arm-none-eabi/lib/thumb/v7e-m+fp/hard\libc_nano.a(lib_a-mprec.o)
                0x0000000008012ed8                __lo0bits
 .text.__i2b    0x0000000008012f38       0x2c c:/st/stm32cubeide_1.8.0/stm32cubeide/plugins/com.st.stm32cube.ide.mcu.externaltools.gnu-tools-for-stm32.9-2020-q2-update.win32_2.0.0.202105311346/tools/bin/../lib/gcc/arm-none-eabi/9.3.1/../../../../arm-none-eabi/lib/thumb/v7e-m+fp/hard\libc_nano.a(lib_a-mprec.o)
                0x0000000008012f38                __i2b
 .text.__multiply
                0x0000000008012f64      0x14c c:/st/stm32cubeide_1.8.0/stm32cubeide/plugins/com.st.stm32cube.ide.mcu.externaltools.gnu-tools-for-stm32.9-2020-q2-update.win32_2.0.0.202105311346/tools/bin/../lib/gcc/arm-none-eabi/9.3.1/../../../../arm-none-eabi/lib/thumb/v7e-m+fp/hard\libc_nano.a(lib_a-mprec.o)
                0x0000000008012f64                __multiply
 .text.__pow5mult